c --- [ banner ] -------------------------------------------------------------
c 
c CaDiCaL SAT Solver
c Copyright (c) 2016-2026
c A. Biere, M. Fleury, N. Froleyks, K. Fazekas, F. Pollitt, T. Faller
c JKU Linz, University of Freiburg, TU Wien
c 
c Version 3.0.1
c Apple clang version 17.0.0 (clang-1700.6.4.2) -Wall -Wextra -O3 -DNDEBUG -DNCLOSEFROM
c Sun Jul 19 15:40:55 UTC 2026 Darwin Sequoia-arm64.local 24.6.0 arm64
c 
c --- [ proof tracing ] ------------------------------------------------------
c 
c opening file to write 'star_master_centre0.drat'
c writing binary proof trace to 'star_master_centre0.drat'
c 
c --- [ parsing input ] ------------------------------------------------------
c 
c reading DIMACS file from 'star_master_centre0.cnf'
c opening file to read 'star_master_centre0.cnf'
c found 'p cnf 284396 832273' header
c parsed 832273 clauses in 0.25 seconds process time
c 
c --- [ options ] ------------------------------------------------------------
c 
c all options are set to their default value
c 
c --- [ solving ] ------------------------------------------------------------
c 
c time measured in process time since initialization
c 
c  seconds  reduction conflicts       size tier2        variables
c         MB    restarts   redundant    glue  trail           remaining
c          level     rate       size/glu tier1  irredundant
c 
c *  0.25  0  0 0   0  0    0    0 0.0 0 0 2 6  0% 832273 284396 100%
c )  0.29  0  0 0   0  0    0    0 0.0 0 0 2 6  0% 832273 284396 100%
c {  0.34  0  0 0   0  0    0    0 0.0 0 0 2 6  0% 832273 284396 100%
c i  0.57  0 3232 0   1 30  266  214 1.0 348 344 2 6 12% 832273 284395 100%
c -  0.63  0 2817 1   1 27  315   42 1.0 295 290 2 6 12% 832192 284395 100%
c }  1.15  0 892 1   1 12 1003  542 1.0 104 100 2 6 12% 832192 284395 100%
c [  1.15  0  0 1   1  0 1003  542 0.0 0 0 2 6  0% 832192 284395 100%
c O  1.16  0  1 1   1  2 1004  543 2.0 2 1 2 6 12% 832192 284395 100%
c i  1.21  0  2 1   1 13 1034  572 2.0 2 1 2 6 14% 832192 284394 100%
c -  1.42  0 410 2   1  8 1169  228 1.2 14 12 2 6 13% 832151 284394 100%
c i  1.79  0 474 2   1  5 1577  521 1.2 15 12 2 6 13% 832151 284393 100%
c ]  2.15  0 578 2   1  5 1759  703 1.0 98 95 2 6 12% 832151 284393 100%
c {  2.15  0 892 2   1 12 1759  703 1.0 104 100 2 6 12% 832151 284393 100%
c i  2.97  0 565 2   3  9 2714 1465 1.1 72 67 2 6 12% 832151 284392 100%
c i  3.02  0 555 2   3  9 2748 1498 1.1 71 66 2 6 12% 832151 284391 100%
c -  3.16  0 539 3   3  9 2808  279 1.1 69 64 2 6 13% 831905 284391 100%
c O  3.30  0 494 3   3  8 3012  445 1.1 64 60 2 6 12% 831905 284391 100%
c i  3.33  0 487 3   3  8 3042  474 1.1 64 59 2 6 12% 831905 284390 100%
c i  3.36  0 478 3   3  8 3084  511 1.1 62 58 2 6 12% 831905 284389 100%
c s  3.53  0 476 3   3  9 3099  484 1.1 62 57 2 6 12% 831905 284389 100%
c 
c  seconds   reduction conflicts       size   tier2        variables
c         MB     restarts   redundant     glue   trail           remaining
c           level     rate       size/glue  tier1  irredundant
c 
c e  4.62  0 476 3   3  9 3099  291 1.1 62 57 2 6 12% 823680 144718 51%
c s  4.74  0 476 3   3  9 3099  291 1.1 62 57 2 6 12% 823680 144718 51%
c ^  4.85  0 476 3   3  9 3099  291 1.1 62 57 2 6 12% 823680 144718 51%
c i  5.22  0 469 3   3  9 3134  159 1.1 61 57 2 6 16% 823680 144717 51%
c 2  5.45  0 410 3   3  9 3504  487 1.1 55 50 2 6 15% 777048 144717 51%
c p  5.47  0 410 3   3  9 3504  489 1.1 55 50 2 6 15% 777048 144716 51%
c i  6.52  0 310 3   3  7 4557 1175 1.1 45 41 2 6 15% 776839 144715 51%
c -  7.04  0 265 4   3  7 5351  639 1.1 41 37 9 25 14% 776729 144715 51%
c i  7.25  0 245 4   3  6 5845  983 1.1 41 36 10 26 14% 776729 144714 51%
c i  7.28  0 242 4   3  6 5896 1028 1.1 40 36 10 26 14% 776729 144713 51%
c #  7.47  0 238 4   3  7 6013 1128 1.1 40 35 10 26 14% 776729 144713 51%
c i  7.63  0 224 4   3  6 6402 1407 1.1 38 34 10 30 14% 776729 144712 51%
c i  7.68  0 221 4   3  6 6480 1467 1.1 38 34 10 30 14% 776729 144711 51%
c i  8.01  0 199 4   3  6 7248 1980 1.1 35 31 10 28 14% 776729 144710 51%
c }  8.44  0 179 4   3  6 8314 2838 1.1 33 29 10 28 14% 776729 144710 51%
c [  8.44  0 578 4   3  5 8314 2838 1.0 98 95 2 6 24% 776729 144710 51%
c i  8.62  0 411 4   4  4 8649 3065 1.0 73 70 2 6 21% 776729 144709 51%
c -  8.80  0 396 5   4  5 8807  174 1.0 65 63 2 6 20% 776086 144709 51%
c i  9.24  0 320 5   4  5 9123  416 1.0 55 52 11 18 19% 776086 144708 51%
c I 10.20  0 381 5   5 10 10014 1218 1.1 37 35 11 18 18% 776086 144708 51%
c 
c  seconds   reductions conflicts       size    tier2         variables
c         MB     restarts    redundant     glue     trail           remaining
c           level     rate        size/glue  tier1    irredundant
c 
c i 10.23  0 383 5   5 10 10041 1244 1.1 36 34 11 18 18% 776086 144707 51%
c i 10.26  0 385 5   5 10 10075 1277 1.1 36 34 11 18 18% 776086 144706 51%
c i 10.30  0 387 5   5 10 10112 1311 1.1 35 33 11 18 18% 776086 144705 51%
c i 10.35  0 389 5   5 10 10148 1346 1.1 35 33 11 18 18% 776086 144704 51%
c i 10.40  0 391 5   5 10 10195 1392 1.1 34 32 11 18 18% 776086 144703 51%
c i 10.45  0 393 5   5 11 10241 1437 1.1 34 32 11 18 18% 776086 144702 51%
c i 10.50  0 395 5   5 11 10282 1477 1.1 33 31 11 18 18% 776086 144701 51%
c i 10.55  0 397 5   5 11 10327 1521 1.1 33 31 11 18 18% 776086 144700 51%
c i 10.61  0 399 5   5 11 10368 1561 1.1 32 30 11 18 18% 776086 144699 51%
c i 10.64  0 400 5   5 11 10400 1592 1.1 32 30 11 18 18% 776086 144698 51%
c i 10.68  0 402 5   5 11 10439 1630 1.1 32 30 11 18 18% 776086 144697 51%
c i 10.72  0 404 5   5 11 10481 1671 1.1 31 29 11 18 17% 776086 144696 51%
c i 10.76  0 405 5   5 11 10517 1705 1.1 31 29 11 18 17% 776086 144695 51%
c i 10.80  0 406 5   5 11 10552 1739 1.1 30 29 11 18 17% 776086 144694 51%
c i 10.85  0 408 5   5 11 10599 1785 1.1 30 28 11 18 17% 776086 144693 51%
c i 10.89  0 409 5   5 12 10643 1828 1.1 30 28 11 18 17% 776086 144692 51%
c i 10.93  0 411 5   5 12 10684 1867 1.1 29 27 11 18 17% 776086 144691 51%
c i 10.96  0 411 5   5 12 10710 1892 1.1 29 27 11 18 17% 776086 144690 51%
c i 11.01  0 413 5   5 12 10765 1946 1.1 28 27 11 18 17% 776086 144689 51%
c i 11.05  0 414 5   5 12 10803 1983 1.1 28 26 11 18 17% 776086 144688 51%
c 
c  seconds   reductions conflicts       size    tier2         variables
c         MB     restarts    redundant     glue     trail           remaining
c           level     rate        size/glue  tier1    irredundant
c 
c i 11.09  0 415 5   5 12 10850 2029 1.1 28 26 11 18 17% 776086 144687 51%
c i 11.14  0 417 5   5 12 10894 2072 1.1 27 26 11 18 17% 776086 144686 51%
c i 11.18  0 418 5   5 12 10934 2111 1.1 27 25 11 18 17% 776086 144685 51%
c i 11.20  0 418 5   5 12 10965 2141 1.1 27 25 11 18 17% 776086 144684 51%
c i 11.24  0 419 5   5 12 10996 2171 1.1 27 25 11 18 17% 776086 144683 51%
c i 11.27  0 420 5   5 12 11025 2199 1.1 26 25 11 18 17% 776086 144682 51%
c i 11.31  0 421 5   5 12 11065 2238 1.1 26 24 11 18 17% 776086 144681 51%
c i 11.35  0 421 5   5 12 11098 2270 1.1 26 24 11 18 17% 776086 144680 51%
c i 11.39  0 422 5   5 13 11138 2309 1.1 26 24 11 18 17% 776086 144679 51%
c i 11.42  0 423 5   5 13 11162 2332 1.1 26 24 11 18 17% 776086 144678 51%
c i 11.45  0 423 5   5 13 11196 2365 1.1 25 24 11 18 17% 776086 144677 51%
c i 11.49  0 424 5   5 13 11231 2399 1.1 25 23 11 18 17% 776086 144676 51%
c i 11.52  0 425 5   5 13 11263 2429 1.1 25 23 11 18 17% 776086 144675 51%
c i 11.55  0 425 5   5 13 11304 2469 1.1 25 23 11 18 17% 776086 144674 51%
c i 11.59  0 426 5   5 13 11337 2501 1.1 24 23 11 18 17% 776086 144673 51%
c i 11.62  0 427 5   5 13 11371 2534 1.1 24 23 11 18 17% 776086 144672 51%
c i 11.66  0 427 5   5 13 11409 2571 1.1 24 22 11 18 17% 776086 144671 51%
c i 11.70  0 428 5   5 13 11444 2605 1.1 24 22 11 18 17% 776086 144670 51%
c i 11.74  0 428 5   5 13 11485 2645 1.1 24 22 11 18 17% 776086 144669 51%
c i 11.78  0 429 5   5 13 11522 2681 1.1 23 22 11 18 17% 776086 144668 51%
c 
c  seconds   reductions conflicts       size    tier2         variables
c         MB     restarts    redundant     glue     trail           remaining
c           level     rate        size/glue  tier1    irredundant
c 
c i 11.82  0 429 5   5 13 11555 2713 1.1 23 22 11 18 17% 776086 144667 51%
c i 11.85  0 430 5   5 13 11593 2750 1.1 23 21 11 18 17% 776086 144666 51%
c i 11.89  0 430 5   5 13 11623 2779 1.1 23 21 11 18 17% 776086 144665 51%
c i 11.91  0 431 5   5 13 11652 2807 1.1 23 21 11 18 17% 776086 144664 51%
c i 11.94  0 431 5   6 13 11683 2837 1.1 22 21 11 18 17% 776086 144663 51%
c i 11.99  0 431 5   6 13 11720 2873 1.1 22 21 11 18 17% 776086 144662 51%
c i 12.03  0 432 5   6 13 11764 2916 1.1 22 21 11 18 17% 776086 144661 51%
c i 12.06  0 432 5   6 13 11791 2942 1.1 22 20 11 18 17% 776086 144660 51%
c i 12.09  0 433 5   6 13 11821 2971 1.1 22 20 11 18 17% 776086 144659 51%
c i 12.13  0 433 5   6 13 11851 3000 1.1 22 20 11 18 17% 776086 144658 51%
c i 12.16  0 433 5   6 13 11883 3031 1.1 22 20 11 18 17% 776086 144657 51%
c i 12.20  0 434 5   6 13 11912 3055 1.1 21 20 11 18 17% 776086 144656 51%
c i 12.24  0 434 5   6 13 11952 3094 1.1 21 20 11 18 17% 776086 144655 51%
c i 12.28  0 434 5   6 13 11993 3134 1.1 21 19 11 18 17% 776086 144654 51%
c i 12.33  0 435 5   6 13 12031 3171 1.1 21 19 11 18 17% 776086 144653 51%
c i 12.37  0 435 5   6 13 12068 3207 1.1 21 19 11 18 17% 776086 144652 51%
c i 12.40  0 435 5   6 13 12095 3233 1.1 21 19 11 18 17% 776086 144651 51%
c i 12.44  0 436 5   6 13 12132 3268 1.1 20 19 11 18 17% 776086 144650 51%
c i 12.48  0 436 5   6 13 12166 3301 1.1 20 19 11 18 17% 776086 144649 51%
c i 12.50  0 436 5   6 13 12190 3324 1.1 20 19 11 18 17% 776086 144648 51%
c 
c  seconds   reductions conflicts       size    tier2         variables
c         MB     restarts    redundant     glue     trail           remaining
c           level     rate        size/glue  tier1    irredundant
c 
c i 12.53  0 436 5   6 13 12220 3353 1.1 20 19 11 18 17% 776086 144647 51%
c i 12.57  0 437 5   6 13 12266 3398 1.1 20 18 11 18 17% 776086 144646 51%
c i 12.60  0 437 5   6 13 12301 3432 1.1 20 18 11 18 17% 776086 144645 51%
c i 12.63  0 437 5   6 13 12326 3456 1.1 20 18 11 18 17% 776086 144644 51%
c i 12.66  0 437 5   6 13 12361 3490 1.1 20 18 11 18 17% 776086 144643 51%
c i 12.69  0 437 5   6 13 12390 3518 1.1 19 18 11 18 17% 776086 144642 51%
c i 12.72  0 438 5   6 13 12427 3554 1.1 19 18 11 18 17% 776086 144641 51%
c i 12.76  0 438 5   6 13 12462 3588 1.1 19 18 11 18 17% 776086 144640 51%
c i 12.81  0 438 5   6 13 12503 3627 1.1 19 18 11 18 17% 776086 144639 51%
c i 12.83  0 438 5   6 13 12527 3650 1.1 19 17 11 18 17% 776086 144638 51%
c i 12.86  0 438 5   6 13 12558 3680 1.1 19 17 11 18 17% 776086 144637 51%
c i 12.91  0 438 5   6 13 12601 3722 1.1 19 17 11 18 17% 776086 144636 51%
c i 12.94  0 438 5   6 13 12637 3757 1.1 19 17 11 18 17% 776086 144635 51%
c i 12.96  0 439 5   6 13 12664 3783 1.1 18 17 11 18 17% 776086 144634 51%
c i 13.01  0 439 5   7 13 12704 3822 1.1 18 17 11 18 17% 776086 144633 51%
c i 13.03  0 439 5   7 13 12732 3849 1.1 18 17 11 18 17% 776086 144632 51%
c i 13.07  0 439 5   7 13 12762 3878 1.1 18 17 11 18 17% 776086 144631 51%
c i 13.10  0 439 5   7 13 12795 3910 1.1 18 17 11 18 17% 776086 144630 51%
c i 13.14  0 439 5   7 13 12830 3942 1.1 18 16 11 18 17% 776086 144629 51%
c i 13.17  0 439 5   7 13 12859 3970 1.1 18 16 11 18 17% 776086 144628 51%
c 
c  seconds   reductions conflicts       size    tier2         variables
c         MB     restarts    redundant     glue     trail           remaining
c           level     rate        size/glue  tier1    irredundant
c 
c i 13.21  0 439 5   7 13 12896 4006 1.1 18 16 11 18 17% 776086 144627 51%
c i 13.25  0 439 5   7 13 12927 4036 1.1 18 16 11 18 17% 776086 144626 51%
c i 13.28  0 439 5   7 13 12961 4069 1.1 18 16 11 18 17% 776086 144625 51%
c i 13.32  0 439 5   7 13 12996 4103 1.1 17 16 11 18 17% 776086 144624 51%
c ] 13.32  0 439 5   7 13 13001 4108 1.1 17 16 11 18 17% 776086 144624 51%
c { 13.32  0 179 5   7  6 13001 4108 1.1 33 29 10 28 14% 776086 144624 51%
c s 13.42  0 185 5   7  6 13140 4149 1.1 33 28 10 28 14% 776086 144624 51%
c e 14.07  0 185 5   7  6 13140 4133 1.1 33 28 10 28 14% 766922 142107 50%
c s 14.08  0 185 5   7  6 13140 4124 1.1 33 28 10 28 14% 766922 142107 50%
c ^ 14.18  0 185 5   7  6 13140 4124 1.1 33 28 10 28 14% 766922 142107 50%
c - 14.37  0 184 6   7  6 13244  950 1.1 32 28 10 26 14% 766922 142107 50%
c 2 14.39  0 184 6   7  6 13244  950 1.1 32 28 10 26 14% 766199 142107 50%
c i 15.61  0 159 6   7  6 14934 2341 1.2 31 26 10 26 14% 766199 142106 50%
c i 15.65  0 158 6   7  6 14974 2380 1.2 30 26 10 26 14% 766199 142105 50%
c B 15.67  0 157 6   7  6 15015 2421 1.2 30 26 10 26 14% 766199 142105 50%
c - 17.58  0 223 7  15  6 18666 3633 1.3 30 22 10 26 14% 765972 142105 50%
c u 17.84  0 223 7  15  6 18666 3481 1.3 30 22 10 26 14% 765972 142098 50%
c v 17.91  0 223 7  15  6 18666 2881 1.3 30 22 10 26 14% 765972 142098 50%
c w 17.95  0 223 7  15  6 18666 1769 1.3 30 22 10 26 14% 765972 142098 50%
c i 18.19  0 219 7  15  6 18979 1994 1.3 30 22 10 26 14% 765972 142097 50%
c 
c  seconds   reductions conflicts       size    tier2         variables
c         MB     restarts    redundant     glue     trail           remaining
c           level     rate        size/glue  tier1    irredundant
c 
c i 18.42  0 213 7  16  6 19460 2374 1.4 31 22 10 26 14% 765972 142096 50%
c i 18.71  0 204 7  21  6 20192 2919 1.4 30 21 10 26 14% 765972 142095 50%
c i 18.74  0 203 7  21  6 20231 2957 1.4 30 21 10 26 14% 765972 142094 50%
c W 21.28  0 195 7  21  5 21016 1636 1.4 30 21 10 26 14% 764794 142094 50%
c i 21.35  0 193 7  30  5 21197 1738 1.4 30 21 10 26 14% 764794 142093 50%
c i 21.89  0 181 7  30  5 22383 2572 1.4 28 20 10 24 14% 764794 142092 50%
c i 21.91  0 180 7  30  5 22405 2593 1.4 28 20 10 24 14% 764794 142091 50%
c i 22.17  0 176 7  30  5 22877 2974 1.4 28 20 10 24 14% 764794 142090 50%
c i 22.37  0 174 7  34  5 23175 3236 1.4 28 20 10 24 14% 764794 142089 50%
c i 22.42  0 174 7  34  5 23258 3318 1.4 28 20 10 24 14% 764794 142088 50%
c i 22.49  0 172 7  42  5 23401 3440 1.5 28 20 10 24 14% 764794 142087 50%
c i 22.80  0 167 7  54  5 24158 3972 1.5 28 19 10 24 14% 764794 142086 50%
c i 22.83  0 166 7  54  5 24195 4008 1.5 28 19 10 24 14% 764794 142085 50%
c i 23.05  0 163 7  54  5 24635 4328 1.5 28 19 10 24 14% 764794 142084 50%
c i 23.20  0 162 7  55  5 24882 4517 1.5 28 19 10 24 14% 764794 142083 50%
c i 23.34  0 161 7  55  5 25089 4673 1.5 28 19 10 24 14% 764794 142082 50%
c - 23.50  0 160 8  55  5 25100 1302 1.5 28 19 10 24 14% 763504 142082 50%
c i 24.39  0 162 8  73  5 26070 1989 1.5 28 19 10 24 14% 763504 142081 50%
c i 24.59  0 160 8  73  6 26409 2276 1.5 27 18 10 24 14% 763504 142080 50%
c i 24.72  0 159 8  75  6 26613 2441 1.5 27 18 10 24 14% 763504 142079 50%
c 
c  seconds   reductions conflicts       size    tier2         variables
c         MB     restarts    redundant     glue     trail           remaining
c           level     rate        size/glue  tier1    irredundant
c 
c i 24.74  0 159 8  75  6 26651 2475 1.5 27 18 10 24 14% 763504 142078 50%
c i 24.97  0 155 8  83  6 27200 2951 1.5 27 18 10 24 14% 763504 142077 50%
c i 25.01  0 155 8  83  6 27256 2999 1.5 27 18 10 24 14% 763504 142076 50%
c s 25.28  0 152 8  89  6 27733 3238 1.6 29 18 10 24 14% 763504 142076 50%
c e 25.79  0 152 8  89  6 27733 3193 1.6 29 18 10 24 14% 763970 140899 50%
c s 25.80  0 152 8  89  6 27733 3190 1.6 29 18 10 24 14% 763970 140899 50%
c ^ 25.90  0 152 8  89  6 27733 3190 1.6 29 18 10 24 14% 763970 140899 50%
c i 25.93  0 152 8  92  6 27764 3220 1.6 29 18 10 24 14% 763970 140898 50%
c i 26.03  0 154 8  97  6 27873 3325 1.7 30 18 10 24 14% 763970 140897 50%
c F 26.13  0 156 8  97  6 28017 3468 1.7 30 18 10 24 14% 763970 140897 50%
c i 26.19  0 155 8 100  6 28103 3534 1.7 29 18 10 24 14% 763970 140896 50%
c i 26.46  0 152 8 100  6 28593 3887 1.7 29 18 10 24 14% 763970 140895 50%
c i 26.49  0 152 8 100  6 28623 3916 1.7 29 18 10 24 14% 763970 140894 50%
c i 26.55  0 152 8 101  6 28720 4003 1.7 29 18 10 24 14% 763970 140893 50%
c i 26.57  0 151 8 101  6 28751 4033 1.7 29 18 10 24 14% 763970 140892 50%
c i 26.69  0 150 8 101  6 28956 4161 1.6 29 17 10 24 14% 763970 140891 50%
c i 26.74  0 150 8 101  6 29017 4221 1.6 29 17 10 24 14% 763970 140890 50%
c i 26.81  0 149 8 101  6 29123 4298 1.6 29 17 10 24 14% 763970 140889 50%
c i 26.92  0 149 8 110  6 29292 4422 1.6 28 17 10 24 14% 763970 140888 50%
c i 27.40  0 144 8 123  6 30255 5159 1.6 28 17 10 24 14% 763970 140887 50%
c 
c  seconds   reductions conflicts       size    tier2         variables
c         MB     restarts    redundant     glue     trail           remaining
c           level     rate        size/glue  tier1    irredundant
c 
c } 27.42  0 144 8 123  6 30279 5176 1.6 28 17 10 24 14% 763970 140887 50%
c [ 27.42  0 439 8 123 13 30279 5176 1.1 17 16 11 18 17% 763970 140887 50%
c i 27.74  0 408 8 123 12 30724 5529 1.1 17 16 11 18 17% 763970 140886 50%
c i 29.00  0 599 8 124 12 32100 6805 1.1 130 120 11 18 15% 763970 140885 50%
c - 29.74  0 629 9 124 11 32561 2255 1.1 162 150 11 18 15% 762453 140885 50%
c 2 29.76  0 629 9 124 11 32561 2255 1.1 162 150 11 18 15% 761561 140885 50%
c p 29.78  0 629 9 124 11 32561 2255 1.1 162 150 11 18 15% 761561 140882 50%
c i 32.05  0 636 9 125 10 33788 3312 1.1 186 167 11 18 15% 761234 140881 50%
c i 32.15  0 634 9 125 10 33880 3403 1.1 184 165 11 18 15% 761234 140880 50%
c i 32.34  0 630 9 125 10 34057 3577 1.1 182 162 11 18 15% 761234 140879 50%
c i 32.43  0 627 9 125 10 34150 3668 1.1 182 160 11 18 15% 761234 140878 50%
c i 32.46  0 627 9 125 10 34176 3693 1.1 182 160 11 18 15% 761234 140877 50%
c i 32.52  0 626 9 125 11 34236 3748 1.1 181 159 11 18 15% 761234 140876 50%
c i 32.56  0 625 9 125 11 34276 3786 1.1 180 158 11 18 15% 761234 140875 50%
c i 32.62  0 623 9 125 11 34338 3841 1.1 179 157 11 18 15% 761234 140874 50%
c i 32.65  0 623 9 125 11 34366 3868 1.1 178 156 11 18 15% 761234 140873 50%
c i 32.71  0 621 9 125 11 34427 3919 1.1 177 155 11 18 15% 761234 140872 50%
c i 32.89  0 617 9 125 11 34606 4089 1.1 174 152 11 18 15% 761234 140871 50%
c i 32.93  0 617 9 125 11 34638 4114 1.1 173 152 11 18 15% 761234 140870 50%
c i 33.07  0 614 9 125 11 34782 4251 1.1 170 149 11 18 15% 761234 140869 50%
c 
c  seconds   reductions conflicts        size     tier2         variables
c         MB     restarts    redundant       glue     trail           remaining
c           level     rate        size/glue    tier1    irredundant
c 
c i 33.11  0 613 9 125 11 34824 4282 1.1 170 149 11 18 15% 761234 140868 50%
c i 33.13  0 612 9 125 11 34848 4305 1.1 169 148 11 18 15% 761234 140867 50%
c i 33.17  0 612 9 125 11 34877 4332 1.1 169 148 11 18 15% 761234 140866 50%
c i 33.23  0 610 9 125 11 34938 4391 1.1 168 147 11 18 15% 761234 140865 50%
c i 33.26  0 609 9 125 11 34976 4425 1.1 167 147 11 18 15% 761234 140864 50%
c i 33.46  0 606 9 125 11 35140 4570 1.1 164 144 11 18 15% 761234 140863 50%
c i 33.49  0 605 9 125 11 35174 4603 1.1 164 144 11 18 15% 761234 140862 50%
c i 33.53  0 604 9 125 11 35212 4628 1.1 163 143 11 18 15% 761234 140861 50%
c i 33.57  0 603 9 125 11 35260 4661 1.1 163 142 11 18 15% 761234 140860 50%
c i 33.61  0 603 9 125 11 35299 4690 1.1 162 142 11 18 15% 761234 140859 50%
c i 33.72  0 600 9 125 11 35412 4799 1.1 160 140 11 18 15% 761234 140858 50%
c i 33.81  0 598 9 125 11 35497 4869 1.1 159 139 11 18 15% 761234 140857 50%
c i 33.90  0 597 9 125 11 35587 4955 1.1 157 138 11 18 15% 761234 140856 50%
c i 33.98  0 595 9 125 11 35666 5031 1.1 156 137 11 18 15% 761234 140855 50%
c i 34.01  0 594 9 125 11 35695 5059 1.1 156 136 11 18 15% 761234 140854 50%
c i 34.07  0 593 9 125 11 35762 5114 1.1 155 136 11 18 15% 761234 140853 50%
c i 34.11  0 592 9 125 11 35794 5145 1.1 154 135 11 18 15% 761234 140852 50%
c i 34.14  0 592 9 125 11 35821 5167 1.1 154 135 11 18 15% 761234 140851 50%
c i 34.17  0 591 9 125 11 35850 5190 1.1 154 134 11 18 15% 761234 140850 50%
c i 34.25  0 590 9 125 11 35926 5257 1.1 152 134 11 18 15% 761234 140849 50%
c 
c  seconds   reductions conflicts        size     tier2         variables
c         MB     restarts    redundant       glue     trail           remaining
c           level     rate        size/glue    tier1    irredundant
c 
c i 34.28  0 589 9 125 11 35954 5280 1.1 152 133 11 18 15% 761234 140848 50%
c B 34.34  0 588 9 125 11 36018 5343 1.1 151 132 11 18 15% 761234 140848 50%
c i 34.34  0 588 9 125 11 36023 5347 1.1 151 132 11 18 15% 761234 140847 50%
c i 34.38  0 587 9 125 11 36060 5383 1.1 151 132 11 18 15% 761234 140846 50%
c i 34.42  0 586 9 125 11 36096 5418 1.1 150 131 11 18 15% 761234 140845 50%
c i 34.46  0 585 9 125 11 36135 5451 1.1 150 131 11 18 15% 761234 140844 50%
c i 34.49  0 585 9 125 11 36163 5478 1.1 149 131 11 18 15% 761234 140843 50%
c i 34.52  0 584 9 125 11 36197 5511 1.1 149 130 11 18 15% 761234 140842 50%
c i 34.55  0 584 9 125 11 36229 5542 1.1 148 130 11 18 15% 761234 140841 50%
c i 34.59  0 583 9 125 11 36268 5580 1.1 148 129 11 18 15% 761234 140840 50%
c i 34.67  0 581 9 125 11 36336 5647 1.1 147 129 11 18 15% 761234 140839 50%
c i 34.70  0 581 9 125 11 36370 5680 1.1 146 128 11 18 15% 761234 140838 50%
c i 34.75  0 580 9 125 11 36413 5722 1.1 146 128 11 18 15% 761234 140837 50%
c i 34.79  0 579 9 125 11 36452 5760 1.1 145 127 11 18 15% 761234 140836 50%
c i 34.83  0 578 9 125 11 36491 5798 1.1 145 127 11 18 15% 761234 140835 50%
c i 34.87  0 578 9 125 11 36527 5831 1.1 144 126 11 18 15% 761234 140834 50%
c i 35.02  0 575 9 125 11 36656 5957 1.1 143 125 11 18 15% 761234 140833 50%
c i 35.08  0 574 9 125 11 36703 6003 1.1 142 124 11 18 15% 761234 140832 50%
c i 35.13  0 574 9 125 11 36738 6037 1.1 142 124 11 18 15% 761234 140831 50%
c i 35.17  0 573 9 125 11 36772 6070 1.1 141 124 11 18 15% 761234 140830 50%
c 
c  seconds   reductions conflicts        size     tier2         variables
c         MB     restarts    redundant       glue     trail           remaining
c           level     rate        size/glue    tier1    irredundant
c 
c i 35.21  0 572 9 125 11 36804 6100 1.1 141 123 11 18 15% 761234 140829 50%
c i 35.32  0 571 9 125 11 36891 6186 1.1 140 122 11 18 15% 761234 140828 50%
c i 35.36  0 570 9 125 11 36929 6223 1.1 139 122 11 18 15% 761234 140827 50%
c i 35.40  0 569 9 125 11 36970 6263 1.1 139 121 11 18 15% 761234 140826 50%
c i 35.45  0 568 9 125 11 37013 6304 1.1 138 121 11 18 15% 761234 140825 50%
c i 35.54  0 567 9 125 11 37095 6382 1.1 137 120 11 18 15% 761234 140824 50%
c i 35.58  0 566 9 125 11 37132 6418 1.1 137 120 11 18 15% 761234 140823 50%
c i 35.61  0 565 9 126 11 37160 6445 1.1 137 119 11 18 15% 761234 140822 50%
c i 35.64  0 565 9 126 11 37186 6470 1.1 136 119 11 18 15% 761234 140821 50%
c i 35.68  0 564 9 126 11 37224 6507 1.1 136 119 11 18 15% 761234 140820 50%
c i 35.75  0 563 9 126 11 37289 6570 1.1 135 118 11 18 15% 761234 140819 50%
c i 35.79  0 562 9 126 11 37325 6605 1.1 135 118 11 18 15% 761234 140818 50%
c i 35.81  0 562 9 126 11 37346 6625 1.1 134 118 11 18 15% 761234 140817 50%
c i 35.89  0 560 9 126 12 37424 6695 1.1 134 117 11 18 15% 761234 140816 50%
c i 36.22  0 555 9 126 12 37718 6959 1.1 131 114 11 18 15% 761234 140815 50%
c i 36.33  0 553 9 126 12 37822 7053 1.1 130 113 3 126 15% 761234 140814 50%
c i 37.10  0 540 9 127 12 38515 7680 1.1 123 107 3 126 15% 761234 140813 50%
c i 38.02  0 524 9 128 12 39384 8488 1.2 115 100 3 126 15% 761234 140812 50%
c i 38.13  0 522 9 128 12 39497 8589 1.2 115 99 3 126 15% 761234 140811 50%
c ] 39.70  0 497 9 128 12 40904 9878 1.2 105 90 3 126 15% 761234 140811 50%
c 
c  seconds   reductions conflicts       size    tier2         variables
c         MB     restarts    redundant     glue     trail           remaining
c           level     rate        size/glue  tier1    irredundant
c 
c { 39.70  0 144 9 128  6 40904 9878 1.6 28 17 10 24 14% 761234 140811 50%
c - 39.97  0 145 10 128  6 41053 6856 1.6 28 17 10 24 14% 754049 140811 50%
c d 40.04  0 145 10 128  6 41053 6852 1.6 28 17 10 24 14% 754049 140810 50%
c p 40.20  0 145 10 128  6 41053 6858 1.6 28 17 10 24 14% 754049 140680 49%
c u 40.64  0 145 10 128  6 41053 6595 1.6 28 17 10 24 14% 754049 140668 49%
c v 40.77  0 145 10 128  6 41053 6431 1.6 28 17 10 24 14% 754049 140652 49%
c w 40.84  0 145 10 128  6 41053 6430 1.6 28 17 10 24 14% 754049 140652 49%
c i 41.41  0 143 10 139  6 41340 6674 1.6 28 17 10 24 14% 754049 140651 49%
c i 41.57  0 143 10 146  6 41537 6843 1.6 28 17 10 24 14% 754049 140650 49%
c i 41.57  0 143 10 146  6 41538 6843 1.6 28 17 10 24 14% 754049 140649 49%
c i 41.87  0 146 10 183  6 41816 7098 1.6 29 18 10 24 14% 754049 140648 49%
c i 41.91  0 146 10 193  6 41869 7139 1.6 29 18 10 24 14% 754049 140647 49%
c i 42.68  0 138 10 193  6 43684 8518 1.6 28 17 10 24 14% 754049 140646 49%
c i 42.97  0 136 10 195  6 44169 8888 1.7 30 17 10 24 14% 754049 140645 49%
c i 42.98  0 136 10 195  6 44188 8906 1.7 30 17 10 24 14% 754049 140644 49%
c i 43.07  0 135 10 199  6 44308 9021 1.7 30 17 10 24 14% 754049 140643 49%
c i 43.14  0 135 10 199  6 44370 9082 1.7 30 17 10 24 14% 754049 140642 49%
c i 43.18  0 135 10 199  6 44411 9122 1.7 30 17 10 24 14% 754049 140641 49%
c i 43.34  0 135 10 200  6 44632 9314 1.8 31 17 10 24 14% 754049 140640 49%
c i 43.55  0 134 10 204  6 45017 9616 1.8 30 17 10 24 14% 754049 140639 49%
c 
c  seconds   reductions  conflicts       size    tier2         variables
c         MB      restarts    redundant     glue     trail           remaining
c           level      rate        size/glue  tier1    irredundant
c 
c B 43.55  0 134 10 204  6 45019 9618 1.8 30 17 10 24 14% 754049 140639 49%
c i 43.65  0 134 10 210  6 45114 9712 1.8 31 17 10 24 14% 754049 140638 49%
c i 43.68  0 134 10 210  6 45150 9745 1.8 31 17 10 24 14% 754049 140637 49%
c i 43.73  0 134 10 211  6 45212 9806 1.8 31 17 10 24 14% 754049 140636 49%
c i 43.76  0 134 10 211  6 45248 9841 1.8 31 17 10 24 14% 754049 140635 49%
c i 43.95  0 132 10 211  6 45669 10161 1.8 31 17 10 24 14% 754049 140634 49%
c i 44.11  0 132 10 220  6 45879 10341 1.8 31 17 10 24 14% 754049 140633 49%
c i 44.13  0 132 10 220  6 45909 10369 1.8 31 17 10 24 14% 754049 140632 49%
c i 44.15  0 131 10 220  6 45943 10402 1.8 31 17 10 24 14% 754049 140631 49%
c i 44.41  0 129 10 233  6 46512 10824 1.8 30 17 10 24 14% 754049 140630 49%
c i 44.46  0 129 10 233  6 46566 10877 1.8 30 17 10 24 14% 754049 140629 49%
c i 44.66  0 128 10 233  6 46903 11120 1.8 30 16 10 24 14% 754049 140628 49%
c i 44.67  0 128 10 233  6 46904 11120 1.8 30 16 10 24 14% 754049 140625 49%
c s 44.93  0 133 10 236  6 47244 11226 1.9 31 16 10 24 14% 754049 140625 49%
c e 45.77  0 133 10 236  6 47244 8753 1.9 31 16 10 24 14% 916949 72935 26%
c s 45.90  0 133 10 236  6 47244 8753 1.9 31 16 10 24 14% 916949 72935 26%
c ^ 46.00  0 133 10 236  6 47244 8753 1.9 31 16 10 24 14% 916949 72935 26%
c i 46.27  0 133 10 236  6 47287 2285 1.9 31 16 10 24 17% 916949 72934 26%
c i 46.29  0 132 10 236  6 47345 2325 1.9 31 16 10 24 17% 916949 72933 26%
c i 46.36  0 132 10 247  6 47551 2480 1.9 31 16 10 24 18% 916949 72932 26%
c 
c  seconds   reductions  conflicts       size    tier2         variables
c         MB      restarts    redundant     glue     trail          remaining
c           level      rate        size/glue  tier1    irredundant
c 
c i 46.38  0 132 10 254  6 47632 2526 1.9 31 16 10 24 18% 916949 72931 26%
c i 46.42  0 131 10 254  6 47808 2667 1.9 31 16 10 24 18% 916949 72930 26%
c i 46.45  0 131 10 254  6 47905 2742 1.9 31 16 10 24 18% 916949 72929 26%
c i 46.47  0 131 10 254  6 47951 2784 1.9 31 16 10 24 18% 916949 72928 26%
c i 46.50  0 130 10 254  6 48016 2831 1.9 31 16 10 24 18% 916949 72927 26%
c i 46.52  0 130 10 260  6 48080 2877 1.9 31 16 10 24 18% 916949 72926 26%
c i 46.57  0 131 10 285  7 48173 2957 1.9 31 16 10 24 18% 916949 72925 26%
c i 46.71  0 129 10 285  7 48641 3362 1.9 31 16 10 24 18% 916949 72924 26%
c i 46.82  0 128 10 286  7 48898 3565 1.9 31 16 10 24 18% 916949 72923 26%
c i 46.82  0 128 10 286  7 48920 3582 1.9 31 16 10 24 18% 916949 72922 26%
c i 46.85  0 128 10 287  7 48979 3623 1.9 31 16 10 24 18% 916949 72921 26%
c i 46.86  0 128 10 287  7 49047 3673 1.9 31 16 10 24 18% 916949 72920 26%
c i 47.11  0 136 10 301  7 49905 4258 1.9 31 16 10 24 18% 916949 72919 26%
c i 47.13  0 136 10 301  7 49939 4291 1.9 31 16 10 24 18% 916949 72918 26%
c i 47.15  0 135 10 301  7 50003 4352 1.9 31 16 10 24 18% 916949 72917 26%
c i 47.27  0 134 10 303  7 50260 4576 2.0 32 16 10 24 18% 916949 72916 26%
c i 47.31  0 134 10 303  7 50393 4670 2.0 32 16 10 24 18% 916949 72915 26%
c i 47.33  0 134 10 306  7 50455 4709 2.0 32 16 10 24 18% 916949 72914 26%
c - 47.43  0 134 11 306  7 50562 2700 2.0 32 16 10 24 18% 913118 72914 26%
c 2 47.45  0 134 11 306  7 50562 2700 2.0 32 16 10 24 18% 778551 72914 26%
c 
c  seconds   reductions  conflicts       size    tier2         variables
c         MB      restarts    redundant     glue     trail          remaining
c           level      rate        size/glue  tier1    irredundant
c 
c i 47.71  0 132 11 329  7 51022 3018 2.0 32 16 10 24 18% 778551 72913 26%
c i 48.02  0 142 11 379  7 51982 3888 2.0 41 20 10 24 17% 778551 72912 26%
c i 48.07  0 143 11 405  7 52073 3969 2.0 41 21 10 24 17% 778551 72911 26%
c i 48.10  0 143 11 415  7 52114 4007 2.0 41 20 10 24 17% 778551 72910 26%
c i 48.13  0 142 11 415  7 52267 4146 2.0 41 20 10 24 17% 778551 72909 26%
c i 48.16  0 142 11 415  7 52310 4184 2.0 41 20 10 24 17% 778551 72908 26%
c i 48.41  0 139 11 423  7 53114 4836 2.1 42 20 10 24 17% 778551 72907 26%
c i 48.42  0 139 11 432  7 53144 4864 2.1 42 20 10 24 17% 778551 72906 26%
c i 48.44  0 139 11 432  7 53178 4896 2.1 42 20 10 24 17% 778551 72905 26%
c i 48.54  0 138 11 433  7 53440 5100 2.1 42 20 10 24 17% 778551 72904 26%
c i 48.56  0 138 11 433  7 53522 5154 2.1 42 20 10 24 17% 778551 72903 26%
c i 48.77  0 138 11 462  7 54014 5589 2.2 44 20 10 24 17% 778551 72902 26%
c i 48.83  0 138 11 462  7 54241 5775 2.2 44 20 10 24 17% 778551 72901 26%
c i 48.93  0 136 11 462  7 54607 6067 2.2 44 20 10 24 17% 778551 72900 26%
c i 49.06  0 135 11 462  7 54946 6347 2.2 44 20 10 24 17% 778551 72899 26%
c W 52.16  0 135 11 462  7 55020 4939 2.2 44 20 10 24 17% 776411 72899 26%
c i 52.17  0 135 11 462  7 55047 4959 2.2 44 20 10 24 17% 776411 72898 26%
c i 52.27  0 134 11 464  7 55279 5146 2.2 43 20 10 24 17% 776411 72897 26%
c i 52.29  0 134 11 464  7 55313 5178 2.2 43 20 10 24 17% 776411 72896 26%
c i 52.45  0 132 11 464  7 55944 5646 2.2 43 19 10 24 17% 776411 72895 26%
c 
c  seconds   reductions  conflicts       size    tier2         variables
c         MB      restarts    redundant     glue     trail          remaining
c           level      rate        size/glue  tier1    irredundant
c 
c i 52.74  0 129 11 464  7 57026 6472 2.2 42 19 10 24 17% 776411 72894 26%
c i 52.87  0 127 11 464  7 57446 6827 2.2 42 19 10 24 17% 776411 72893 26%
c i 53.02  0 126 11 472  7 57932 7224 2.2 41 19 10 24 17% 776411 72892 26%
c i 53.12  0 125 11 475  7 58262 7474 2.2 41 19 10 24 17% 776411 72891 26%
c i 53.50  0 122 11 475  7 59632 8546 2.1 40 19 10 24 17% 776411 72890 26%
c i 53.59  0 121 11 475  7 59817 8682 2.1 40 19 10 24 17% 776411 72889 26%
c i 53.96  0 119 11 484  7 61093 9723 2.3 42 18 10 24 17% 776411 72888 26%
c i 53.98  0 119 11 490  7 61133 9762 2.3 42 18 10 24 17% 776411 72887 26%
c i 54.01  0 118 11 499  7 61243 9848 2.3 42 18 10 24 17% 776411 72886 26%
c i 54.04  0 118 11 499  7 61279 9879 2.3 42 18 10 24 17% 776411 72885 26%
c - 54.24  0 118 12 500  7 61582 5669 2.3 42 18 10 24 17% 774397 72885 26%
c i 54.57  0 118 12 500  7 61621 5704 2.3 42 18 10 24 17% 774397 72884 26%
c i 54.58  0 117 12 500  7 61637 5718 2.3 42 18 10 24 17% 774397 72883 26%
c i 54.60  0 117 12 500  7 61667 5747 2.3 42 18 10 24 17% 774397 72882 26%
c i 54.65  0 117 12 507  7 61838 5872 2.3 42 18 10 24 17% 774397 72881 26%
c i 54.67  0 117 12 507  7 61867 5900 2.3 42 18 10 24 17% 774397 72880 26%
c i 54.68  0 117 12 507  7 61913 5945 2.3 42 18 10 24 17% 774397 72879 26%
c i 54.70  0 117 12 507  7 61940 5971 2.3 42 18 10 24 17% 774397 72878 26%
c i 54.83  0 117 12 516  7 62337 6313 2.3 42 18 10 24 17% 774397 72877 26%
c i 54.85  0 117 12 516  7 62381 6352 2.3 41 18 10 24 17% 774397 72876 26%
c 
c  seconds   reductions  conflicts       size    tier2         variables
c         MB      restarts    redundant     glue     trail          remaining
c           level      rate        size/glue  tier1    irredundant
c 
c i 55.14  0 122 12 519  7 63295 7092 2.3 42 18 10 24 17% 774397 72875 26%
c i 55.53  0 118 12 519  7 64765 8322 2.3 41 18 10 24 18% 774397 72874 26%
c i 55.54  0 118 12 519  7 64790 8346 2.3 41 18 10 24 18% 774397 72873 26%
c i 55.67  0 117 12 519  7 65257 8680 2.3 41 18 10 24 18% 774397 72872 26%
c i 55.69  0 117 12 519  7 65294 8713 2.3 41 18 10 24 18% 774397 72871 26%
c i 55.70  0 117 12 519  7 65328 8746 2.3 41 18 10 24 18% 774397 72870 26%
c i 55.81  0 116 12 519  7 65792 9134 2.3 40 18 10 24 18% 774397 72869 26%
c # 55.87  0 116 12 519  7 66021 9321 2.3 40 18 10 24 18% 774397 72869 26%
c i 56.74  0 132 12 552  7 68420 11413 2.3 54 23 10 24 17% 774397 72866 26%
c i 56.95  0 135 12 604  7 68881 11775 2.2 57 26 10 24 17% 774397 72865 26%
c i 56.99  0 136 12 632  7 68973 11859 2.2 58 27 10 24 17% 774397 72864 26%
c i 57.01  0 136 12 645  7 69014 11891 2.2 58 27 10 24 17% 774397 72863 26%
c i 57.04  0 136 12 656  7 69054 11930 2.2 58 27 10 24 17% 774397 72862 26%
c i 57.36  0 142 12 733  7 69727 12571 2.0 64 31 10 24 17% 774397 72861 26%
c i 57.38  0 142 12 743  7 69762 12605 2.0 64 31 10 24 17% 774397 72860 26%
c i 57.40  0 142 12 743  7 69800 12641 2.0 64 31 10 24 17% 774397 72859 26%
c i 57.58  0 143 12 745  7 70171 12944 2.0 65 33 10 24 17% 774397 72858 26%
c i 57.82  0 156 12 765  7 70547 13303 1.8 73 41 7 18 17% 774397 72857 26%
c i 57.91  0 159 12 803  8 70743 13468 1.8 75 43 7 18 17% 774397 72856 26%
c i 57.93  0 159 12 813  8 70773 13496 1.8 75 43 7 18 17% 774397 72855 26%
c 
c  seconds   reductions  conflicts        size   tier2         variables
c         MB      restarts     redundant     glue    trail          remaining
c           level      rate         size/glue  tier1   irredundant
c 
c i 57.95  0 159 12 819  8 70823 13528 1.8 75 43 7 18 17% 774397 72854 26%
c i 57.98  0 158 12 819  8 70923 13608 1.8 75 43 7 18 17% 774397 72853 26%
c i 58.02  0 158 12 819  8 71041 13693 1.7 75 43 7 18 17% 774397 72852 26%
c i 58.23  0 156 12 819  7 71766 14284 1.7 74 42 7 18 17% 774397 72851 26%
c i 58.75  0 169 12 928  8 72945 15032 1.6 83 50 7 18 16% 774397 72847 26%
c i 58.76  0 169 12 929  8 72957 15039 1.6 83 50 7 18 16% 774397 72844 26%
c - 59.06  0 171 13 987  8 73299 7846 1.7 84 51 7 18 16% 768557 72844 26%
c B 61.32  0 203 13 987  8 78025 11621 2.0 94 47 7 18 17% 768557 72844 26%
c s 63.80  0 206 13 1050  8 83779 15414 2.5 116 46 7 18 17% 768557 72844 26%
c e 64.31  0 206 13 1050  8 83779 13012 2.5 116 46 7 18 17% 783675 69971 25%
c s 64.35  0 206 13 1050  8 83779 12895 2.5 116 46 7 18 17% 783675 69971 25%
c ^ 64.44  0 206 13 1050  8 83779 12895 2.5 116 46 7 18 17% 783675 69971 25%
c i 64.73  0 214 13 1116  8 84419 13506 2.3 121 52 7 18 17% 783675 69970 25%
c i 64.87  0 215 13 1164  8 84659 13700 2.3 123 53 7 18 16% 783675 69969 25%
c i 65.26  0 219 13 1252  8 85561 14295 2.3 125 55 7 18 16% 783675 69968 25%
c i 65.29  0 219 13 1252  8 85648 14335 2.3 125 55 7 18 16% 783675 69967 25%
c i 65.42  0 217 13 1252  8 86043 14650 2.3 124 55 7 18 16% 783675 69966 25%
c - 65.58  0 217 14 1252  8 86077 11497 2.3 124 55 7 18 16% 782919 69966 25%
c 2 65.60  0 217 14 1252  8 86077 11497 2.3 124 55 7 18 16% 773027 69965 25%
c u 66.01  0 217 14 1252  8 86077 11459 2.3 124 55 7 18 16% 773027 69959 25%
c 
c  seconds   reductions   conflicts         size   tier2         variables
c         MB      restarts      redundant      glue    trail          remaining
c           level       rate         size/glue   tier1   irredundant
c 
c v 66.12  0 217 14 1252  8 86077 11423 2.3 124 55 7 18 16% 773027 69958 25%
c w 66.17  0 217 14 1252  8 86077 11396 2.3 124 55 7 18 16% 773027 69958 25%
c x 66.19  0 217 14 1252  8 86077 11392 2.3 124 55 7 18 16% 773027 69958 25%
c i 66.26  0 217 14 1252  8 86120 11412 2.3 124 55 7 18 16% 773027 69957 25%
c i 66.28  0 217 14 1252  8 86156 11444 2.3 124 55 7 18 16% 773027 69956 25%
c i 66.29  0 216 14 1252  8 86210 11494 2.3 124 54 7 18 16% 773027 69955 25%
c i 66.75  0 217 14 1313  8 87159 12251 2.2 125 56 7 18 16% 773027 69954 25%
c i 66.78  0 217 14 1318  8 87205 12286 2.2 126 56 7 18 16% 773027 69943 25%
c i 66.86  0 218 14 1357  8 87341 12397 2.3 126 56 7 18 16% 773027 69940 25%
c i 66.87  0 218 14 1359  8 87352 12403 2.3 126 56 7 18 16% 773027 69939 25%
c } 67.08  0 215 14 1359  8 88137 12992 2.3 125 55 7 18 16% 773027 69939 25%
c [ 67.08  0 497 14 1359 12 88137 12992 1.2 105 90 3 126 30% 773027 69939 25%
c i 67.11  0 495 14 1359 12 88200 13021 1.2 105 90 3 126 30% 773027 69938 25%
c i 67.30  0 495 14 1359 12 88474 13279 1.2 111 89 3 126 29% 773027 69937 25%
c i 67.67  0 533 14 1360 12 88905 13669 1.2 146 124 3 126 29% 773027 69936 25%
c i 67.91  0 554 14 1360 12 89196 13929 1.2 160 138 3 126 29% 773027 69935 25%
c W 71.53  0 598 14 1362 11 91026 13660 1.2 210 182 3 126 27% 768484 69935 25%
c i 75.71  0 553 14 1363 10 96107 17947 1.5 279 187 3 126 24% 768484 69934 25%
c i 75.80  0 551 14 1363 10 96197 18023 1.5 280 187 3 126 24% 768484 69933 25%
c i 76.84  0 567 14 1364 10 97595 19234 1.5 311 210 3 126 24% 768484 69932 25%
c 
c  seconds   reductions   conflicts         size     tier2         variables
c         MB      restarts      redundant       glue     trail          remaining
c           level       rate         size/glue    tier1    irredundant
c 
c - 79.58  0 600 15 1364  9 99965 13508 1.4 341 240 3 126 23% 768065 69932 25%
c 2 79.60  0 600 15 1364  9 99965 13506 1.4 341 240 3 126 23% 768065 69930 25%
c p 79.73  0 600 15 1364  9 99965 13514 1.4 341 240 3 126 23% 768065 69912 25%
c i 80.70  0 596 15 1364  9 100468 13951 1.5 346 236 3 126 23% 768065 69911 25%
c i 80.79  0 596 15 1364  9 100558 14020 1.5 345 235 3 126 23% 768065 69910 25%
c i 80.85  0 595 15 1364  9 100649 14090 1.5 345 235 3 126 23% 768065 69909 25%
c O 84.34  0 539 15 1364  8 105027 17302 1.6 336 204 3 126 22% 768065 69909 25%
c i 84.35  0 538 15 1364  8 105057 17312 1.6 336 204 3 126 22% 768065 69908 25%
c i 84.81  0 528 15 1365  8 105671 17772 1.7 332 200 3 126 22% 768065 69907 25%
c i 84.82  0 527 15 1365  8 105678 17778 1.7 332 200 3 126 22% 768065 69906 25%
c i 84.83  0 527 15 1365  8 105685 17781 1.7 332 200 3 126 22% 768065 59450 21%
c i 85.03  0 527 15 1365  8 105687 1013 1.7 332 200 3 126  2% 88717 59449 21%
c i 85.03  0 527 15 1365  8 105688 1013 1.7 332 200 3 126  2% 88717 59448 21%
c ] 85.03  0 527 15 1365  8 105691 1013 1.7 331 200 3 126  2% 88717 58522 21%
c 0 85.03  0 527 15 1365  8 105691 1013 1.7 331 200 3 126  2% 88717 58522 21%
c 
c --- [ closing proof ] ------------------------------------------------------
c 
c DRAT proof file 'star_master_centre0.drat' closed
c DRAT 1321336 added clauses 39.17%
c DRAT 2051933 deleted clauses 60.83%
c DRAT 151333873 bytes (144.32 MB)
c 
c --- [ result ] -------------------------------------------------------------
c 
s UNSATISFIABLE
c 
c --- [ run-time profiling ] -------------------------------------------------
c 
c process time taken by individual solving procedures
c (percentage relative to process time for solving)
c 
c        74.36   87.71% search
c        34.51   40.71% unstable
c        32.59   38.44% stable
c        10.42   12.29% simplify
c         7.17    8.45% walk
c         2.21    2.61% elim
c         1.69    1.99% sweep
c         1.28    1.51% vivify
c         0.61    0.72% backbone
c         0.52    0.62% subsume
c         0.42    0.49% congruence
c         0.25    0.30% parse
c         0.21    0.25% ternary
c         0.10    0.12% probe
c         0.09    0.10% lucky
c   =================================
c        84.78   99.70% solve
c 
c last line shows process time for solving
c (percentage relative to total process time)
c 
c --- [ statistics ] ---------------------------------------------------------
c 
c chronological:             79532        75.25 %  of conflicts
c conflicts:                105691      1246.62    per second
c backbone:                6348063      2232.12 %  of vars
c decisions:                852520     10055.46    per second
c eliminated:               213928        75.22 %  of all variables
c fixed:                     11945         4.20 %  of all variables
c learned:                  102691        97.16 %  per conflict
c learned_lits:           57175455       100.00 %  learned literals
c minimized:                     0         0.00 %  learned literals
c shrunken:               37080028        64.85 %  learned literals
c minishrunken:            2111674         3.69 %  learned literals
c otfs:                        239         0.23 %  of conflict
c propagations:          418341479         4.93 M  per second
c reduced:                   16705        15.81 %  per conflict
c rephased:                     14      7549.36    interval
c restarts:                   1365        77.43    interval
c stabilizing:                   4        31.76 %  of conflicts
c substituted:                   1         0.00 %  of all variables
c subsumed:                 217452        10.30 %  of all clauses
c strengthened:               3952         0.19 %  of all clauses
c ticks:                1554759364         4.21    propagation
c vivified:                    760         0.04 %  of all clauses
c walked:                        3     35230.33    interval
c weakened:                 979988         2.00    average size
c 
c seconds are measured in process time for solving
c 
c --- [ glue usage ] ---------------------------------------------------------
c 
c focused glue 7 used 6978 clauses 5.190% accumulated 52.80% tier1
c focused glue 8 used 6374 clauses 4.741% accumulated 57.54%
c focused glue 9-16 used 30326 clauses 22.55% accumulated 80.09%
c focused glue 17 used 2061 clauses 1.533% accumulated 81.63%
c focused glue 18 used 1734 clauses 1.289% accumulated 82.92% tier2
c 
c stable glue 6 used 1215 clauses 1.474% accumulated 50.05% tier1
c stable glue 7 used 894 clauses 1.085% accumulated 51.14%
c stable glue 8-124 used 10356 clauses 12.57% accumulated 63.71%
c stable glue 125 used 420 clauses 0.509% accumulated 64.22%
c stable glue 126 used 29472 clauses 35.77% accumulated 100.0% tier2
c 
c 
c --- [ resources ] ----------------------------------------------------------
c 
c total process time since initialization:        85.03    seconds
c total real time since initialization:          630.01    seconds
c maximum resident set size of process:          436.50    MB
c 
c --- [ shutting down ] ------------------------------------------------------
c 
c exit 20
