c --- [ banner ] -------------------------------------------------------------
c 
c CaDiCaL SAT Solver
c Copyright (c) 2016-2026
c A. Biere, M. Fleury, N. Froleyks, K. Fazekas, F. Pollitt, T. Faller
c JKU Linz, University of Freiburg, TU Wien
c 
c Version 3.0.1
c Apple clang version 17.0.0 (clang-1700.6.4.2) -Wall -Wextra -O3 -DNDEBUG -DNCLOSEFROM
c Sun Jul 19 15:40:55 UTC 2026 Darwin Sequoia-arm64.local 24.6.0 arm64
c 
c --- [ proof tracing ] ------------------------------------------------------
c 
c opening file to write 'star_master_6core.drat'
c writing binary proof trace to 'star_master_6core.drat'
c 
c --- [ parsing input ] ------------------------------------------------------
c 
c reading DIMACS file from 'star_master_6core.cnf'
c opening file to read 'star_master_6core.cnf'
c found 'p cnf 121192 354319' header
c parsed 354319 clauses in 0.10 seconds process time
c 
c --- [ options ] ------------------------------------------------------------
c 
c all options are set to their default value
c 
c --- [ solving ] ------------------------------------------------------------
c 
c time measured in process time since initialization
c 
c  seconds  reduction conflicts       size tier2        variables
c         MB    restarts   redundant    glue  trail           remaining
c          level     rate       size/glu tier1  irredundant
c 
c *  0.10  0  0 0   0  0    0    0 0.0 0 0 2 6  0% 354319 121192 100%
c )  0.12  0  0 0   0  0    0    0 0.0 0 0 2 6  0% 354319 121192 100%
c {  0.14  0  0 0   0  0    0    0 0.0 0 0 2 6  0% 354319 121192 100%
c -  0.36  0 1368 1   1 18  315  129 1.1 342 324 2 6 14% 354319 121192 100%
c i  0.83  0 1027 1   6 15  868  604 1.0 301 289 2 6 16% 354319 121191 100%
c i  0.89  0 957 1   6 15  932  664 1.0 280 269 2 6 16% 354319 121190 100%
c }  0.95  0 918 1   6 15 1001  724 1.0 262 252 2 6 16% 354319 121190 100%
c [  0.95  0  0 1   6  0 1001  724 0.0 0 0 2 6  0% 354319 121190 100%
c -  1.00  0  0 2   6  0 1001  345 0.0 0 0 2 6  0% 354155 121190 100%
c O  1.00  0  1 2   6  2 1002  346 2.0 2 1 2 6 22% 354155 121190 100%
c i  1.08  0  9 2   6 12 1057  383 1.4 3 2 2 6 20% 354155 121189 100%
c i  1.85  0 264 2   6  9 1779  892 1.1 18 16 2 6 18% 354155 121188 100%
c ]  1.93  0 269 2   6 10 1859  957 1.1 32 29 2 6 18% 354155 121188 100%
c {  1.93  0 918 2   6 15 1859  957 1.0 262 252 2 6 16% 354155 121188 100%
c -  2.24  0 760 3   6 12 2224  367 1.1 260 238 2 6 16% 354032 121188 100%
c i  2.28  0 735 3   6 12 2270  394 1.1 252 230 2 6 16% 354032 121187 100%
c i  2.34  0 719 3   6 12 2314  430 1.1 244 223 2 6 16% 354032 121186 100%
c O  3.06  0 594 3   6 11 3003 1013 1.2 231 188 2 6 17% 354032 121186 100%
c i  3.10  0 582 3   6 11 3047 1050 1.2 226 184 2 6 17% 354032 121185 100%
c i  3.64  0 569 3   6 11 3095 1007 1.2 221 180 2 6 17% 353786 121184 100%
c 
c  seconds   reduction conflicts        size    tier2        variables
c         MB     restarts   redundant       glue   trail           remaining
c           level     rate       size/glue    tier1  irredundant
c 
c s  3.70  0 569 3   6 11 3096 1003 1.2 221 180 2 6 17% 353786 121184 100%
c e  4.06  0 569 3   6 11 3096  758 1.2 221 180 2 6 17% 349156 61178 50%
c s  4.11  0 569 3   6 11 3096  758 1.2 221 180 2 6 17% 349156 61178 50%
c ^  4.16  0 569 3   6 11 3096  758 1.2 221 180 2 6 17% 349156 61178 50%
c -  4.67  0 414 4   6  9 4051  601 1.2 164 133 2 6 18% 349156 61178 50%
c 2  5.43  0 319 4  46  9 5579 1851 1.7 185 112 20 126 18% 329208 61178 50%
c #  5.71  0 294 4  46  9 6004 2233 1.8 186 103 20 126 18% 329208 61178 50%
c i  5.71  0 293 4  46  9 6013 2238 1.8 186 103 20 126 18% 329208 61177 50%
c -  6.02  0 280 5  72 10 6508 2417 1.9 185 100 18 126 18% 329099 61177 50%
c }  6.73  0 297 5  72  9 7970 3600 2.4 198 83 17 126 19% 329099 61177 50%
c [  6.73  0 269 5  72 10 7970 3600 1.1 32 29 2 6 36% 329099 61177 50%
c u  7.19  0 302 5  73  8 8187 3747 2.3 66 28 2 6 32% 329099 61177 50%
c v  7.23  0 302 5  73  8 8187 3693 2.3 66 28 2 6 32% 329099 61176 50%
c w  7.25  0 302 5  73  8 8187 3680 2.3 66 28 2 6 32% 329099 61175 50%
c x  7.25  0 302 5  73  8 8187 3680 2.3 66 28 2 6 32% 329099 61175 50%
c i  7.47  0 242 5  73  7 8487 3871 2.1 57 27 2 6 29% 329099 61174 50%
c -  8.44  0 431 6  74  9 9567 3834 2.4 232 98 15 26 24% 328784 61174 50%
c i  8.66  0 522 6  74 10 9897 4134 1.8 287 163 15 26 23% 328784 61173 50%
c I  8.78  0 543 6  74 10 10005 4230 1.7 303 181 15 26 22% 328784 61173 50%
c p  9.74  0 592 6  74  9 10887 5021 1.6 363 222 15 26 21% 328784 61172 50%
c 
c  seconds   reductions conflicts        size     tier2         variables
c         MB     restarts    redundant       glue     trail          remaining
c           level     rate        size/glue    tier1    irredundant
c 
c s 11.89  0 579 6  76 10 13149 6700 2.0 368 186 15 26 20% 328784 61172 50%
c e 12.12  0 579 6  76 10 13149 6086 2.0 368 186 15 26 20% 328674 60544 50%
c s 12.13  0 579 6  76 10 13149 6064 2.0 368 186 15 26 20% 328674 60544 50%
c ^ 12.17  0 579 6  76 10 13149 6064 2.0 368 186 15 26 20% 328674 60544 50%
c - 12.34  0 593 7  76 10 13323 4738 1.9 371 192 23 126 20% 328674 60544 50%
c 2 12.63  0 624 7  77 10 13672 5077 1.8 380 209 23 126 20% 328105 60544 50%
c p 12.64  0 624 7  77 10 13672 5077 1.8 380 209 23 126 20% 328105 60543 50%
c ] 12.96  0 645 7  77 10 14022 5410 1.7 389 223 23 126 20% 328105 60543 50%
c { 12.96  0 297 7  77  9 14022 5410 2.4 198 83 17 126 19% 328105 60543 50%
c i 13.17  0 308 7 105 10 14423 5681 2.3 209 90 17 126 18% 328105 60542 50%
c B 13.45  0 366 7 131 11 15006 6187 2.2 238 106 17 126 18% 328105 60542 50%
c - 14.94  0 284 8 141  9 17698 6491 2.4 203 85 17 126 18% 327881 60542 50%
c p 15.01  0 284 8 141  9 17698 6493 2.4 203 85 17 126 18% 327881 60541 50%
c u 15.50  0 284 8 141  9 17698 6398 2.4 203 85 17 126 18% 327769 60529 50%
c v 15.53  0 284 8 141  9 17698 6392 2.4 203 85 17 126 18% 327769 60528 50%
c w 15.55  0 284 8 141  9 17698 6382 2.4 203 85 17 126 18% 327769 60528 50%
c x 15.56  0 284 8 141  9 17698 6382 2.4 203 85 17 126 18% 327769 60528 50%
c i 16.78  0 298 8 214 10 19350 7657 2.4 217 90 17 126 18% 327769 60527 50%
c i 16.82  0 296 8 214 10 19408 7687 2.4 216 90 17 126 18% 327769 60526 50%
c i 16.94  0 292 8 214 10 19609 7834 2.4 213 89 17 126 18% 327769 60525 50%
c 
c  seconds   reductions conflicts        size     tier2         variables
c         MB     restarts    redundant      glue      trail          remaining
c           level     rate        size/glue   tier1     irredundant
c 
c i 16.98  0 290 8 214 10 19679 7870 2.4 212 88 17 126 18% 327769 60524 50%
c i 17.02  0 289 8 214 10 19728 7901 2.4 211 88 17 126 18% 327769 60523 50%
c i 17.05  0 288 8 214 10 19770 7931 2.4 210 87 17 126 18% 327769 60522 50%
c W 19.60  0 310 8 230 10 21007 6950 2.5 230 94 17 126 18% 325709 60522 50%
c - 20.76  0 358 9 354 11 22739 6229 2.1 252 123 14 42 17% 325709 60522 50%
c p 20.79  0 358 9 354 11 22739 6236 2.1 252 123 14 42 17% 325709 60516 50%
c s 24.17  0 330 9 389 10 27975 9226 2.3 285 126 14 42 17% 325709 60516 50%
c e 24.46  0 330 9 389 10 27975 8495 2.3 285 126 14 42 17% 325947 59351 49%
c s 24.47  0 330 9 389 10 27975 8352 2.3 285 126 14 42 17% 325947 59351 49%
c ^ 24.51  0 330 9 389 10 27975 8352 2.3 285 126 14 42 17% 325947 59351 49%
c F 24.53  0 332 9 394 10 28012 8389 2.3 286 126 14 42 17% 325947 59351 49%
c i 24.57  0 331 9 407 10 28054 8426 2.3 285 126 14 42 17% 325947 59350 49%
c i 24.60  0 330 9 407 10 28092 8453 2.3 284 126 14 42 17% 325947 59349 49%
c i 24.73  0 327 9 407 10 28315 8609 2.3 281 125 14 42 17% 325947 59348 49%
c - 24.94  0 325 10 407 10 28440 6906 2.3 280 124 14 42 17% 325618 59348 49%
c 2 24.94  0 325 10 407 10 28440 6906 2.3 280 124 14 42 17% 324759 59348 49%
c p 24.97  0 325 10 407 10 28440 6933 2.3 280 124 14 42 17% 324759 59346 49%
c u 25.25  0 325 10 407 10 28440 6926 2.3 280 124 14 42 17% 324759 59345 49%
c v 25.29  0 325 10 407 10 28440 6913 2.3 280 124 14 42 17% 324759 59345 49%
c w 25.31  0 325 10 407 10 28440 6913 2.3 280 124 14 42 17% 324759 59345 49%
c 
c  seconds   reductions  conflicts        size     tier2         variables
c         MB      restarts    redundant       glue     trail          remaining
c           level      rate        size/glue    tier1    irredundant
c 
c x 25.31  0 325 10 407 10 28440 6912 2.3 280 124 14 42 17% 324759 59345 49%
c i 25.51  0 320 10 407  9 28774 7110 2.3 275 122 14 42 17% 324759 59344 49%
c } 26.54  0 302 10 407  9 30363 8431 2.4 271 115 14 42 17% 324759 59344 49%
c [ 26.54  0 645 10 407 10 30363 8431 1.7 389 223 23 126 20% 324759 59344 49%
c - 30.55  0 851 11 408  8 34817 8082 1.6 528 332 23 126 18% 324320 59344 49%
c 2 30.56  0 851 11 408  8 34817 8080 1.6 528 332 23 126 18% 324320 59344 49%
c p 30.58  0 851 11 408  8 34817 8112 1.6 528 332 23 126 18% 324320 59341 49%
c B 31.74  0 862 11 408  8 36013 9150 1.6 540 335 23 126 18% 324320 59341 49%
c - 37.59  0 853 12 413  8 41865 8044 1.6 616 384 112 126 18% 323979 59341 49%
c p 37.68  0 853 12 413  8 41865 8070 1.6 616 384 112 126 18% 323979 59338 49%
c u 38.40  0 853 12 413  8 41865 8000 1.6 616 384 112 126 18% 323653 59325 49%
c v 38.46  0 853 12 413  8 41865 7950 1.6 616 384 112 126 18% 323653 59325 49%
c w 38.50  0 853 12 413  8 41865 7948 1.6 616 384 112 126 18% 323653 59325 49%
c ] 40.55  0 880 12 414  7 44180 10000 1.6 611 390 112 126 17% 323653 59325 49%
c { 40.55  0 302 12 414  9 44180 10000 2.4 271 115 14 42 17% 323653 59325 49%
c B 41.21  0 322 12 528 10 45015 10715 2.2 285 131 14 42 17% 323653 59325 49%
c s 43.07  0 316 12 639 10 47635 12781 2.3 302 133 14 42 17% 323653 59325 49%
c e 43.46  0 316 12 639 10 47635 9521 2.3 302 133 14 42 17% 400767 32286 27%
c s 43.51  0 316 12 639 10 47635 9521 2.3 302 133 14 42 17% 400767 32286 27%
c ^ 43.55  0 316 12 639 10 47635 9521 2.3 302 133 14 42 17% 400767 32286 27%
c 
c  seconds   reductions  conflicts        size     tier2         variables
c         MB      restarts    redundant       glue     trail          remaining
c           level      rate        size/glue    tier1    irredundant
c 
c - 44.90  0 363 13 838 11 49591 6332 2.0 331 165 14 42 15% 400767 32286 27%
c 2 44.91  0 363 13 838 11 49591 6330 2.0 331 165 14 42 15% 342211 32286 27%
c p 44.93  0 363 13 838 11 49591 6351 2.0 331 165 14 42 15% 342211 32285 27%
c W 49.82  0 381 13 1096 11 55016 10668 2.1 362 173 14 42 19% 342060 32285 27%
c - 51.83  0 370 14 1234 12 58514 8526 2.2 380 172 14 42 19% 342060 32285 27%
c p 51.86  0 370 14 1234 12 58514 8550 2.2 380 172 14 42 19% 342060 32285 27%
c u 52.13  0 370 14 1234 12 58514 8546 2.2 380 172 14 42 19% 342060 32285 27%
c v 52.18  0 370 14 1234 12 58514 8516 2.2 380 172 14 42 19% 342060 32279 27%
c w 52.21  0 370 14 1234 12 58514 8499 2.2 380 172 14 42 19% 342060 32278 27%
c x 52.22  0 370 14 1234 12 58514 8499 2.2 380 172 14 42 19% 342060 32278 27%
c # 56.30  0 438 14 1901 13 66017 14550 2.0 429 213 14 42 18% 342060 32278 27%
c - 57.32  0 420 15 1908 13 67797 10338 2.0 413 205 14 42 19% 341083 32278 27%
c p 57.39  0 420 15 1908 13 67797 10386 2.0 413 205 14 42 19% 341083 32277 27%
c - 62.58  0 405 16 2174 12 77777 15024 2.2 426 196 19 126 19% 340931 32277 27%
c p 62.61  0 405 16 2174 12 77777 15056 2.2 426 196 19 126 19% 340931 32277 27%
c u 62.90  0 405 16 2174 12 77777 15028 2.2 426 196 19 126 19% 340931 32270 27%
c v 62.95  0 405 16 2174 12 77777 15017 2.2 426 196 19 126 19% 340931 32269 27%
c w 62.98  0 405 16 2174 12 77777 15012 2.2 426 196 19 126 19% 340931 32268 27%
c x 62.99  0 405 16 2174 12 77777 15010 2.2 426 196 19 126 19% 340931 32268 27%
c B 63.15  0 407 16 2195 12 78055 15120 2.2 427 197 19 126 19% 340931 32268 27%
c 
c  seconds   reductions   conflicts         size      tier2         variables
c         MB      restarts      redundant       glue      trail          remaining
c           level       rate         size/glue    tier1     irredundant
c 
c s 66.30  0 403 16 2409 12 83973 19144 2.2 430 192 19 126 20% 340931 32268 27%
c e 66.54  0 403 16 2409 12 83973 10135 2.2 430 192 19 126 20% 347134 30551 25%
c s 66.56  0 403 16 2409 12 83973 10003 2.2 430 192 19 126 20% 347134 30551 25%
c ^ 66.60  0 403 16 2409 12 83973 10003 2.2 430 192 19 126 20% 347134 30551 25%
c } 67.55  0 410 16 2460 12 85735 11455 2.3 443 191 19 126 19% 347134 30551 25%
c [ 67.55  0 880 16 2460  7 85735 11455 1.6 611 390 112 126 33% 347134 30551 25%
c - 69.48  0 865 17 2461  7 88463 11055 1.6 627 383 112 126 31% 347134 30551 25%
c 2 69.49  0 865 17 2461  7 88463 11055 1.6 627 383 112 126 31% 340840 30551 25%
c p 69.51  0 865 17 2461  7 88463 11086 1.6 627 383 112 126 31% 340840 30550 25%
c k 69.61  0 865 17 2461  7 88463 11086 1.6 627 383 112 126 31% 340840 30548 25%
c W 73.64  0 880 17 2462  7 91056 13116 1.6 649 416 112 126 30% 340390 30548 25%
c - 81.31  0 845 18 2464  7 99918 12237 1.5 678 444 112 126 27% 340390 30548 25%
c p 81.39  0 845 18 2464  7 99918 12280 1.5 678 444 112 126 27% 340390 30547 25%
c u 81.73  0 845 18 2464  7 99918 12245 1.5 678 444 112 126 27% 340390 30544 25%
c v 81.80  0 845 18 2464  7 99918 12223 1.5 678 444 112 126 27% 340390 30544 25%
c w 81.83  0 845 18 2464  7 99918 12190 1.5 678 444 112 126 27% 340390 30544 25%
c x 81.84  0 845 18 2464  7 99918 12189 1.5 678 444 112 126 27% 340390 30544 25%
c O 86.00  0 862 18 2468  7 105057 16093 1.5 692 477 112 126 25% 340390 30544 25%
c i 86.05  0 859 18 2468  7 105186 16159 1.4 689 475 112 126 25% 340390 30543 25%
c - 91.21  0 827 19 2470  7 112032 12937 1.5 678 457 112 126 24% 339687 30543 25%
c 
c  seconds   reductions   conflicts          size       tier2         variables
c         MB      restarts       redundant       glue       trail          remaining
c           level       rate          size/glue     tier1     irredundant
c 
c p 91.25  0 827 19 2470  7 112032 12998 1.5 678 457 112 126 24% 339687 30543 25%
c k 91.32  0 827 19 2470  7 112032 12998 1.5 678 457 112 126 24% 339687 30542 25%
c B 98.42  0 820 19 2476  6 120058 19355 1.5 694 461 112 126 23% 339687 30542 25%
c ] 99.46  0 821 19 2476  6 120775 19919 1.5 694 463 112 126 23% 339687 30542 25%
c { 99.46  0 410 19 2476 12 120775 19919 2.3 443 191 19 126 19% 339687 30542 25%
c - 103.30  0 438 20 2929 13 124843 14053 2.1 458 216 19 126 19% 339548 30542 25%
c p 103.39  0 438 20 2929 13 124843 14110 2.1 458 216 19 126 19% 339548 30542 25%
c k 103.47  0 438 20 2929 13 124843 14110 2.1 458 216 19 126 19% 339548 30541 25%
c u 103.79  0 438 20 2929 13 124843 14055 2.1 458 216 19 126 19% 339548 30536 25%
c v 103.89  0 438 20 2929 13 124843 14016 2.1 458 216 19 126 19% 339548 30536 25%
c w 103.94  0 438 20 2929 13 124843 14008 2.1 458 216 19 126 19% 339548 30536 25%
c s 104.63  0 451 20 3084 13 126057 14629 2.1 462 225 19 126 19% 339548 30536 25%
c e 104.88  0 451 20 3084 13 126057 10136 2.1 462 225 19 126 19% 515717 18013 15%
c s 104.94  0 451 20 3084 13 126057 10083 2.1 462 225 19 126 19% 515717 18013 15%
c i 106.49  0 452 20 3349 13 129193 12622 2.0 467 231 19 126 23% 515717 18012 15%
c W 111.20  0 440 20 3615 13 136059 17440 2.1 468 225 19 126 25% 515431 18012 15%
c - 112.40  0 449 21 3823 13 138365 13133 2.0 474 231 23 126 24% 515431 18012 15%
c 2 112.42  0 449 21 3823 13 138365 13133 2.0 474 231 23 126 24% 405251 18012 15%
c p 112.44  0 449 21 3823 13 138365 13164 2.0 474 231 23 126 24% 405251 18012 15%
c i 112.92  0 451 21 3915 13 139199 13814 2.0 473 233 23 126 24% 405251 18011 15%
c 
c  seconds    reductions   conflicts          size      tier2         variables
c          MB      restarts       redundant       glue      trail          remaining
c            level       rate          size/glue    tier1     irredundant
c 
c i 113.10  0 445 21 3915 13 139914 14241 2.0 467 230 23 126 24% 405251 18010 15%
c i 113.11  0 445 21 3915 13 139949 14263 2.0 467 230 23 126 24% 405251 18009 15%
c i 113.12  0 445 21 3915 13 139959 14266 2.0 467 230 23 126 24% 405251 18008 15%
c F 119.06  0 444 21 4837 13 153064 24156 2.0 471 237 23 126 24% 405251 18008 15%
c i 119.08  0 444 21 4843 13 153144 24207 2.0 470 237 23 126 24% 405251 18001 15%
c i 119.10  0 444 21 4843 13 153176 24225 2.0 470 237 23 126 24% 405251 18000 15%
c i 119.14  0 443 21 4843 13 153327 24311 2.0 469 236 23 126 24% 405251 17999 15%
c - 119.88  0 439 22 4843 13 154287 17819 2.0 465 234 23 126 24% 402648 17999 15%
c p 119.92  0 439 22 4843 13 154287 17876 2.0 465 234 23 126 24% 402648 17998 15%
c u 120.29  0 439 22 4843 13 154287 17815 2.0 465 234 23 126 24% 402648 17995 15%
c v 120.38  0 439 22 4843 13 154287 17735 2.0 465 234 23 126 24% 402648 17994 15%
c w 120.43  0 439 22 4843 13 154287 17714 2.0 465 234 23 126 24% 402648 17994 15%
c i 127.81  0 443 22 5729 13 168724 27829 1.9 473 246 23 126 24% 402648 17993 15%
c - 129.05  0 452 23 5884 13 170045 19688 1.9 475 252 23 126 24% 401448 17993 15%
c 2 129.06  0 452 23 5884 13 170045 19687 1.9 475 252 23 126 24% 401448 17993 15%
c p 129.13  0 452 23 5884 13 170045 19747 1.9 475 252 23 126 24% 401448 17992 15%
c k 129.25  0 452 23 5884 13 170045 19747 1.9 475 252 23 126 24% 401448 17990 15%
c B 130.25  0 457 23 6062 13 171074 20648 1.9 478 257 23 126 23% 400892 17990 15%
c - 140.90  0 473 24 7386 14 186692 20199 1.8 505 275 23 126 23% 400892 17990 15%
c p 140.96  0 473 24 7386 14 186692 20273 1.8 505 275 23 126 23% 400892 17989 15%
c 
c  seconds    reductions   conflicts          size      tier2         variables
c          MB      restarts       redundant       glue      trail          remaining
c            level       rate          size/glue    tier1     irredundant
c 
c k 141.04  0 473 24 7386 14 186692 20273 1.8 505 275 23 126 23% 400892 17987 15%
c u 141.38  0 473 24 7386 14 186692 20212 1.8 505 275 23 126 23% 400892 17977 15%
c v 141.49  0 473 24 7386 14 186692 20199 1.8 505 275 23 126 23% 400892 17974 15%
c w 141.54  0 473 24 7386 14 186692 20165 1.8 505 275 23 126 23% 400892 17974 15%
c W 146.10  0 494 24 7826 14 190077 22546 1.8 513 287 23 126 23% 397719 17974 15%
c s 148.14  0 513 24 8361 14 193826 24672 1.7 519 299 23 126 23% 397719 17974 15%
c e 148.26  0 513 24 8361 14 193826 24426 1.7 519 299 23 126 23% 398541 17901 15%
c s 148.30  0 513 24 8361 14 193826 24159 1.7 519 299 23 126 23% 398541 17901 15%
c } 149.22  0 510 24 8393 14 195627 25547 1.8 523 299 23 126 23% 398541 17901 15%
c [ 149.22  0 821 24 8393  6 195627 25547 1.5 694 463 112 126 42% 398541 17901 15%
c - 157.03  0 798 25 8394  6 204008 18043 1.5 681 461 126 127 39% 398541 17901 15%
c 2 157.04  0 798 25 8394  6 204008 18043 1.5 681 461 126 127 39% 397822 17901 15%
c p 157.12  0 798 25 8394  6 204008 18122 1.5 681 461 126 127 39% 397822 17901 15%
c u 157.48  0 798 25 8394  6 204008 18104 1.5 681 461 126 127 39% 397822 17898 15%
c v 157.55  0 798 25 8394  6 204008 18078 1.5 681 461 126 127 39% 397822 17898 15%
c w 157.58  0 798 25 8394  6 204008 18065 1.5 681 461 126 127 39% 397822 17896 15%
c W 163.28  0 778 25 8395  6 210078 22759 1.5 681 458 126 127 37% 396821 17896 15%
c - 171.27  0 723 26 8395  5 222079 17031 1.6 681 433 126 127 35% 396821 17896 15%
c p 171.33  0 723 26 8395  5 222079 17119 1.6 681 433 126 127 35% 396821 17893 15%
c k 171.42  0 723 26 8395  5 222079 17119 1.6 681 433 126 127 35% 396821 17891 15%
c 
c  seconds    reductions   conflicts          size       tier2         variables
c          MB      restarts       redundant       glue       trail          remaining
c            level       rate          size/glue     tier1     irredundant
c 
c I 178.45  0 699 26 8399  5 231079 23668 1.6 679 427 126 127 33% 396821 17891 15%
c - 188.63  0 695 27 8404  5 240912 17184 1.6 689 429 126 127 32% 395763 17891 15%
c p 188.72  0 695 27 8404  5 240912 17292 1.6 689 429 126 127 32% 395763 17890 15%
c k 188.82  0 695 27 8404  5 240912 17292 1.6 689 429 126 127 32% 395763 17889 15%
c u 189.26  0 695 27 8404  5 240912 17259 1.6 689 429 126 127 32% 395763 17885 15%
c v 189.39  0 695 27 8404  5 240912 17212 1.6 689 429 126 127 32% 395763 17884 15%
c w 189.49  0 695 27 8404  5 240912 17186 1.6 689 429 126 127 32% 395763 17884 15%
c B 200.24  0 672 27 8410  5 253080 26038 1.6 689 424 126 127 31% 395763 17884 15%
c ] 201.64  0 669 27 8410  5 254130 26803 1.6 687 423 126 127 30% 395763 17884 15%
c { 201.64  0 510 27 8410 14 254130 26803 1.8 523 299 23 126 23% 395763 17884 15%
c - 205.13  0 490 28 8410 13 260513 18637 1.8 530 288 23 126 23% 394338 17884 15%
c p 205.20  0 490 28 8410 13 260513 18755 1.8 530 288 23 126 23% 394338 17883 15%
c u 205.53  0 490 28 8410 13 260513 18749 1.8 530 288 23 126 23% 394338 17883 15%
c v 205.60  0 490 28 8410 13 260513 18716 1.8 530 288 23 126 23% 394338 17881 15%
c w 205.63  0 490 28 8410 13 260513 18709 1.8 530 288 23 126 23% 394338 17881 15%
c x 205.64  0 490 28 8410 13 260513 18709 1.8 530 288 23 126 23% 394338 17881 15%
c s 208.65  0 501 28 8635 13 265452 22707 1.8 537 291 23 126 23% 394338 17881 15%
c e 208.77  0 501 28 8635 13 265452 17794 1.8 537 291 23 126 23% 394288 17818 15%
c s 208.80  0 501 28 8635 13 265452 17740 1.8 537 291 23 126 23% 394288 17818 15%
c # 215.40  0 491 28 8647 12 276083 25632 1.9 535 278 40 126 23% 394288 17818 15%
c 
c  seconds    reductions   conflicts          size      tier2         variables
c          MB      restarts       redundant       glue      trail          remaining
c            level       rate          size/glue    tier1     irredundant
c 
c - 219.46  0 480 29 8669 12 280876 19590 1.9 528 274 40 126 23% 394288 17818 15%
c 2 219.47  0 480 29 8669 12 280876 19590 1.9 528 274 40 126 23% 393661 17818 15%
c p 219.55  0 480 29 8669 12 280876 19665 1.9 528 274 40 126 23% 393661 17817 15%
c k 219.66  0 480 29 8669 12 280876 19665 1.9 528 274 40 126 23% 393661 17816 15%
c u 219.94  0 480 29 8669 12 280876 19654 1.9 528 274 40 126 23% 393661 17816 15%
c v 220.02  0 480 29 8669 12 280876 19630 1.9 528 274 40 126 23% 393661 17812 15%
c w 220.07  0 480 29 8669 12 280876 19621 1.9 528 274 40 126 23% 393661 17812 15%
c B 228.17  0 412 29 8679 10 300088 33989 2.2 531 239 40 126 24% 393661 17812 15%
c - 229.16  0 404 30 8679 10 302023 29054 2.2 526 235 40 126 24% 392440 17812 15%
c p 229.21  0 404 30 8679 10 302023 29095 2.2 526 235 40 126 24% 392440 17807 15%
c k 229.33  0 404 30 8679 10 302023 29095 2.2 526 235 40 126 24% 392440 17802 15%
c i 235.55  0 378 30 8683 10 312537 36727 2.3 490 217 40 126 24% 390375 14098 12%
c i 235.73  0 378 30 8683 10 312552  512 2.3 490 217 40 126 11% 26813 14097 12%
c i 235.73  0 378 30 8683 10 312601  531 2.3 490 217 40 126  8% 26813 14073 12%
c i 235.73  0 378 30 8683 10 312602  531 2.3 490 217 40 126  8% 26813 14072 12%
c i 235.73  0 378 30 8683 10 312603  531 2.3 490 217 40 126  8% 26813 14071 12%
c i 235.73  0 378 30 8683 10 312607  532 2.3 490 217 40 126  8% 26813 14070 12%
c i 235.73  0 378 30 8683 10 312622  537 2.3 490 217 40 126  9% 26813 14069 12%
c i 235.73  0 378 30 8683 10 312624  537 2.3 490 217 40 126  9% 26813 14068 12%
c } 235.73  0 378 30 8683 10 312631  539 2.3 490 217 40 126  9% 26813 13479 11%
c 
c  seconds    reductions   conflicts         size      tier2        variables
c          MB      restarts      redundant       glue      trail         remaining
c            level       rate         size/glue    tier1     irredundant
c 
c 0 235.73  0 378 30 8683 10 312631  539 2.3 490 217 40 126  9% 26813 13479 11%
c 
c --- [ closing proof ] ------------------------------------------------------
c 
c DRAT proof file 'star_master_6core.drat' closed
c DRAT 1270799 added clauses 44.37%
c DRAT 1593266 deleted clauses 55.63%
c DRAT 947293397 bytes (903.41 MB)
c 
c --- [ result ] -------------------------------------------------------------
c 
s UNSATISFIABLE
c 
c --- [ run-time profiling ] -------------------------------------------------
c 
c process time taken by individual solving procedures
c (percentage relative to process time for solving)
c 
c       220.96   93.77% search
c       112.27   47.65% unstable
c        97.67   41.45% stable
c        14.67    6.23% simplify
c        10.98    4.66% walk
c         5.23    2.22% vivify
c         1.84    0.78% sweep
c         1.51    0.64% backbone
c         1.26    0.53% elim
c         0.58    0.24% probe
c         0.47    0.20% subsume
c         0.34    0.14% congruence
c         0.33    0.14% ternary
c         0.10    0.04% parse
c         0.04    0.02% lucky
c   =================================
c       235.63   99.96% solve
c 
c last line shows process time for solving
c (percentage relative to total process time)
c 
c --- [ statistics ] ---------------------------------------------------------
c 
c chronological:            175903        56.27 %  of conflicts
c conflicts:                312631      1326.77    per second
c backbone:                9973003      8229.09 %  of vars
c decisions:               2809693     11924.01    per second
c eliminated:               103214        85.17 %  of all variables
c fixed:                      4499         3.71 %  of all variables
c learned:                  295256        94.44 %  per conflict
c learned_lits:          233288629       100.00 %  learned literals
c minimized:                     0         0.00 %  learned literals
c shrunken:               46025881        19.73 %  learned literals
c minishrunken:           22460332         9.63 %  learned literals
c otfs:                        580         0.19 %  of conflict
c propagations:          642490769         2.73 M  per second
c reduced:                  165223        52.85 %  per conflict
c rephased:                     24     13026.29    interval
c restarts:                   8683        36.00    interval
c stabilizing:                   5        36.51 %  of conflicts
c subsumed:                 263338        17.96 %  of all clauses
c strengthened:              15895         1.08 %  of all clauses
c ticks:                3559425013         6.34    propagation
c vivified:                   3124         0.21 %  of all clauses
c walked:                        6     52105.17    interval
c weakened:                 548371         2.00    average size
c 
c seconds are measured in process time for solving
c 
c --- [ glue usage ] ---------------------------------------------------------
c 
c focused glue 42 used 3598 clauses 0.627% accumulated 50.18% tier1
c focused glue 43 used 2442 clauses 0.425% accumulated 50.60%
c focused glue 44-124 used 131852 clauses 22.98% accumulated 73.59%
c focused glue 125 used 1327 clauses 0.231% accumulated 73.83%
c focused glue 126 used 150090 clauses 26.16% accumulated 100.0% tier2
c 
c stable glue 126 used 226429 clauses 54.58% accumulated 100.0% tier1
c stable glue 127 used 0 clauses 0.000% accumulated 100.0% tier2
c 
c 
c --- [ resources ] ----------------------------------------------------------
c 
c total process time since initialization:       235.73    seconds
c total real time since initialization:         1246.25    seconds
c maximum resident set size of process:          433.45    MB
c 
c --- [ shutting down ] ------------------------------------------------------
c 
c exit 20
