c --- [ banner ] -------------------------------------------------------------
c 
c CaDiCaL SAT Solver
c Copyright (c) 2016-2026
c A. Biere, M. Fleury, N. Froleyks, K. Fazekas, F. Pollitt, T. Faller
c JKU Linz, University of Freiburg, TU Wien
c 
c Version 3.0.1
c Apple clang version 17.0.0 (clang-1700.6.4.2) -Wall -Wextra -O3 -DNDEBUG -DNCLOSEFROM
c Sun Jul 19 15:40:55 UTC 2026 Darwin Sequoia-arm64.local 24.6.0 arm64
c 
c --- [ limit ] --------------------------------------------------------------
c 
c setting time limit to 14400 seconds real time (due to '-t 14400')
c 
c --- [ proof tracing ] ------------------------------------------------------
c 
c opening file to write 'star_centre0.drat'
c writing binary proof trace to 'star_centre0.drat'
c 
c --- [ parsing input ] ------------------------------------------------------
c 
c reading DIMACS file from 'star_centre0.cnf'
c opening file to read 'star_centre0.cnf'
c found 'p cnf 35504 87360' header
c parsed 87360 clauses in 0.03 seconds process time
c 
c --- [ options ] ------------------------------------------------------------
c 
c all options are set to their default value
c 
c --- [ solving ] ------------------------------------------------------------
c 
c time measured in process time since initialization
c 
c  seconds  reduction conflicts       size tier2       variables
c         MB    restarts   redundant    glue  trail         remaining
c          level     rate       size/glu tier1  irredundant
c 
c *  0.03  0  0 0   0  0    0    0 0.0 0 0 2 6  0% 87360 35504 100%
c )  0.03  0  0 0   0  0    0    0 0.0 0 0 2 6  0% 87360 35504 100%
c {  0.03  0  0 0   0  0    0    0 0.0 0 0 2 6  0% 87360 35504 100%
c -  0.05  0 342 1  17  4  301   89 1.8 21 12 2 6 21% 87360 35504 100%
c -  0.08  0 151 2  25  3  736  164 1.7 20 12 2 6 11% 87360 35504 100%
c }  0.09  0 115 2  25  2 1003  396 1.8 21 12 2 6  9% 87360 35504 100%
c [  0.09  0  0 2  25  0 1003  396 0.0 0 0 2 6  0% 87360 35504 100%
c O  0.09  0  8 2  25  9 1004  397 1.1 9 8 2 6  4% 87360 35504 100%
c -  0.12  0 16 3  25  1 1415  258 1.8 20 12 2 6  4% 87360 35504 100%
c ]  0.14  0 17 3  25  1 1954  735 1.9 22 12 2 6  4% 87360 35504 100%
c {  0.15  0 115 3  25  2 1954  735 1.8 21 12 2 6  9% 87360 35504 100%
c -  0.17  0 86 4  37  2 2355  366 1.8 21 11 2 6  8% 87360 35504 100%
c s  0.22  0 77 4  76  3 2601  569 1.7 20 12 2 6  7% 87360 35504 100%
c e  0.31  0 77 4  76  3 2601  414 1.7 20 12 2 6  7% 81669 17943 51%
c s  0.33  0 77 4  76  3 2601  414 1.7 20 12 2 6  7% 81669 17943 51%
c ^  0.33  0 77 4  76  3 2601  414 1.7 20 12 2 6  7% 81669 17943 51%
c O  0.37  0 65 4  88  2 3007  744 1.7 20 12 2 6  5% 81669 17943 51%
c -  0.39  0 54 5  88  2 3569  430 1.7 19 11 2 6  5% 81669 17943 51%
c -  0.49  0 39 6 113  2 5065 1380 1.7 18 11 8 12  5% 81669 17943 51%
c #  0.52  0 34 6 121  2 6009 2063 1.6 18 11 8 11  5% 81669 17943 51%
c 
c  seconds  reduction conflicts       size   tier2        variables
c         MB    restarts   redundant     glue    trail         remaining
c          level     rate       size/glue  tier1   irredundant
c 
c -  0.55  0 32 7 183  2 6848 2268 1.6 18 11 8 11  5% 81669 17943 51%
c }  0.60  0 30 7 209  2 7740 2972 1.6 18 11 8 11  5% 81669 17943 51%
c [  0.60  0 17 7 209  1 7740 2972 1.9 22 12 2 6  8% 81669 17943 51%
c -  0.66  0 18 8 211  1 8916 2959 1.9 24 12 2 6  6% 81669 17943 51%
c I  0.71  0 17 8 211  1 10014 3837 1.9 23 12 9 13  6% 81669 17943 51%
c -  0.78  0 27 9 212  1 11276 3362 1.8 29 16 9 13  6% 81669 17943 51%
c s  0.79  0 27 9 212  1 11348 2980 1.8 29 16 9 13  6% 81669 17943 51%
c e  0.86  0 27 9 212  1 11348 2839 1.8 29 16 9 13  6% 84048 15545 44%
c s  0.87  0 27 9 212  1 11348 2796 1.8 29 16 9 13  6% 84048 15545 44%
c ^  0.88  0 27 9 212  1 11348 2796 1.8 29 16 9 13  6% 84048 15545 44%
c ]  0.96  0 30 9 213  1 12914 4253 1.8 32 17 9 13  5% 84048 15545 44%
c {  0.96  0 30 9 213  2 12914 4253 1.6 18 11 8 11  6% 84048 15545 44%
c -  1.05  0 28 10 268  2 13930 3474 1.6 18 11 8 12  6% 84048 15545 44%
c B  1.08  0 26 10 275  2 15015 4285 1.6 18 11 8 12  6% 84048 15545 44%
c -  1.18  0 25 11 367  2 16880 4683 1.7 18 11 8 12  6% 84048 15545 44%
c -  1.30  0 22 12 481  2 20129 6104 1.6 18 11 8 12  5% 84048 15545 44%
c W  1.36  0 21 12 505  2 21017 6721 1.6 18 11 8 12  5% 84048 15545 44%
c -  1.47  0 21 13 630  2 23675 6867 1.6 18 11 8 11  5% 84048 15545 44%
c s  1.59  0 20 13 717  2 25957 7639 1.6 18 11 8 11  5% 84048 15545 44%
c s  1.66  0 20 13 717  2 25957 7527 1.6 18 11 8 11  5% 84048 15545 44%
c 
c  seconds  reductions  conflicts       size   tier2        variables
c         MB     restarts    redundant     glue    trail         remaining
c          level      rate        size/glue  tier1   irredundant
c 
c ^  1.66  0 20 13 717  2 25957 7527 1.6 18 11 8 11  5% 84048 15545 44%
c }  1.68  0 20 13 736  2 26633 8038 1.6 18 11 8 11  5% 84048 15545 44%
c [  1.68  0 30 13 736  1 26633 8038 1.8 32 17 9 13  5% 84048 15545 44%
c -  1.73  0 27 14 737  1 27524 7011 1.8 30 17 9 13  5% 84048 15545 44%
c B  1.75  0 27 14 737  1 28019 7437 1.8 29 16 9 13  5% 84048 15545 44%
c -  1.96  0 23 15 738  1 31671 8111 1.8 27 15 9 13  5% 84048 15545 44%
c W  2.20  0 22 15 741  1 36020 11609 1.8 26 15 9 13  5% 84048 15545 44%
c -  2.21  0 22 16 741  1 36120 8730 1.8 26 15 9 13  5% 84048 15545 44%
c u  2.22  0 22 16 741  1 36120 8723 1.8 26 15 9 13  5% 84048 15545 44%
c v  2.24  0 22 16 741  1 36120 8538 1.8 26 15 9 13  5% 84048 15545 44%
c w  2.24  0 22 16 741  1 36120 8341 1.8 26 15 9 13  5% 84048 15545 44%
c ]  2.30  0 22 16 741  1 36802 8866 1.8 26 14 9 13  5% 84048 15545 44%
c {  2.30  0 20 16 741  2 36802 8866 1.6 18 11 8 11  5% 84048 15545 44%
c -  2.44  0 19 17 922  2 40873 9525 1.6 18 11 8 11  5% 84048 15545 44%
c F  2.64  0 18 17 1052  2 45021 12674 1.6 18 11 8 11  5% 84048 15545 44%
c s  2.67  0 18 17 1064  2 45436 11536 1.6 18 11 8 11  5% 84048 15545 44%
c e  2.75  0 18 17 1064  2 45436 9997 1.6 18 11 8 11  5% 94625 11984 34%
c s  2.77  0 18 17 1064  2 45436 9891 1.6 18 11 8 11  5% 94625 11984 34%
c ^  2.78  0 18 17 1064  2 45436 9891 1.6 18 11 8 11  5% 94625 11984 34%
c -  2.82  0 18 18 1104  2 45928 8770 1.6 18 11 8 11  6% 94625 11984 34%
c 
c  seconds  reductions   conflicts        size   tier2        variables
c         MB     restarts      redundant     glue    trail         remaining
c          level       rate         size/glue  tier1   irredundant
c 
c -  3.00  0 17 19 1236  2 51285 10882 1.6 17 11 8 11  6% 94625 11984 34%
c B  3.13  0 17 19 1302  2 55023 13781 1.6 18 11 8 11  6% 94625 11984 34%
c -  3.20  0 17 20 1345  2 56948 13125 1.6 17 11 8 11  6% 94625 11984 34%
c t  3.21  0 17 20 1345  2 56948 13125 1.6 17 11 8 11  6% 94621 11984 34%
c }  3.34  0 16 20 1425  2 60513 15700 1.6 17 11 8 11  6% 94621 11984 34%
c [  3.34  0 22 20 1425  1 60513 15700 1.8 26 14 9 13  7% 94621 11984 34%
c -  3.43  0 21 21 1428  1 62914 14582 1.8 25 14 9 13  7% 94621 11984 34%
c t  3.44  0 21 21 1428  1 62914 14582 1.8 25 14 9 13  7% 94610 11984 34%
c O  3.58  0 20 21 1429  1 66025 16877 1.8 24 14 9 13  7% 94610 11984 34%
c -  3.73  0 19 22 1430  1 69186 15690 1.8 24 13 9 13  7% 94610 11984 34%
c s  4.13  0 18 22 1430  1 75249 16754 1.8 23 13 7 12  7% 94610 11984 34%
c e  4.20  0 18 22 1430  1 75249 15120 1.8 23 13 7 12  7% 107475 9543 27%
c s  4.24  0 18 22 1430  1 75249 14234 1.8 23 13 7 12  7% 107475 9543 27%
c ^  4.25  0 18 22 1430  1 75249 14234 1.8 23 13 7 12  7% 107475 9543 27%
c -  4.29  0 18 23 1430  1 75764 12019 1.8 23 13 7 12  7% 107475 9543 27%
c u  4.32  0 18 23 1430  1 75764 11958 1.8 23 13 7 12  7% 107475 9543 27%
c v  4.34  0 18 23 1430  1 75764 11600 1.8 23 13 7 12  7% 107475 9543 27%
c w  4.34  0 18 23 1430  1 75764 11579 1.8 23 13 7 12  7% 107475 9543 27%
c ]  4.42  0 18 23 1431  1 77649 13064 1.8 23 13 7 12  7% 107475 9543 27%
c {  4.42  0 16 23 1431  2 77649 13064 1.6 17 11 8 11  8% 107475 9543 27%
c 
c  seconds  reductions   conflicts        size   tier2        variables
c         MB     restarts      redundant     glue    trail         remaining
c          level       rate         size/glue  tier1   irredundant
c 
c W  4.51  0 16 23 1444  2 78027 13400 1.6 17 11 8 11  8% 107475 9543 27%
c -  4.65  0 16 24 1500  2 82860 14530 1.6 17 11 8 11  7% 107475 9543 27%
c t  4.66  0 16 24 1500  2 82860 14530 1.6 17 11 8 11  7% 107454 9543 27%
c -  4.91  0 16 25 1669  2 90281 17982 1.6 17 11 8 11  7% 107454 9543 27%
c t  4.93  0 16 25 1669  2 90281 17982 1.6 17 11 8 11  7% 107421 9543 27%
c #  4.96  0 16 25 1699  2 91028 18550 1.6 17 11 8 11  7% 107421 9543 27%
c -  5.19  0 15 26 1868  1 98027 20606 1.6 17 11 8 11  7% 107421 9543 27%
c t  5.20  0 15 26 1868  1 98027 20606 1.6 17 11 8 11  7% 107387 9543 27%
c B  5.45  0 15 26 2046  1 105029 25837 1.7 17 10 8 11  7% 107387 9543 27%
c -  5.49  0 15 27 2067  1 106098 22856 1.7 17 10 8 11  7% 107387 9543 27%
c t  5.50  0 15 27 2067  1 106098 22856 1.7 17 10 8 11  7% 107352 9543 27%
c -  5.79  0 15 28 2353  1 114495 24899 1.7 17 10 8 11  7% 107352 9543 27%
c t  5.84  0 15 28 2353  1 114495 24899 1.7 17 10 8 11  7% 107323 9543 27%
c }  5.91  0 15 28 2432  1 116467 26281 1.6 17 10 8 11  7% 107323 9543 27%
c [  5.91  0 18 28 2432  1 116467 26281 1.8 23 13 7 12  7% 107323 9543 27%
c s  6.01  0 18 28 2432  1 117170 24077 1.8 23 13 7 12  7% 107323 9543 27%
c t  6.02  0 18 28 2432  1 117170 24077 1.8 23 13 7 12  7% 107317 9543 27%
c e  6.07  0 18 28 2432  1 117170 23885 1.8 23 13 7 12  7% 111251 9184 26%
c s  6.14  0 18 28 2432  1 117170 23310 1.8 23 13 7 12  7% 111251 9184 26%
c B  6.28  0 19 28 2434  1 120033 25882 1.8 24 13 7 12  7% 111251 9184 26%
c 
c  seconds  reductions   conflicts         size   tier2        variables
c         MB     restarts       redundant     glue    trail         remaining
c          level       rate          size/glue  tier1   irredundant
c 
c -  6.47  0 19 29 2437  1 123215 22827 1.8 24 14 7 12  7% 111251 9184 26%
c t  6.49  0 19 29 2437  1 123215 22827 1.8 24 14 7 12  7% 111230 9184 26%
c -  7.00  0 20 30 2441  1 132397 23189 1.8 25 14 7 12  7% 111230 9184 26%
c u  7.03  0 20 30 2441  1 132397 23071 1.8 25 14 7 12  7% 111230 9184 26%
c v  7.04  0 20 30 2441  1 132397 22933 1.8 25 14 7 12  7% 111230 9184 26%
c w  7.05  0 20 30 2441  1 132397 22912 1.8 25 14 7 12  7% 111230 9184 26%
c t  7.06  0 20 30 2441  1 132397 22912 1.8 25 14 7 12  7% 111212 9184 26%
c W  7.38  0 20 30 2444  1 136035 25963 1.8 25 14 7 12  7% 111212 9184 26%
c ]  7.55  0 19 30 2445  1 139255 28532 1.8 25 14 6 11  7% 111212 9184 26%
c {  7.55  0 15 30 2445  1 139255 28532 1.6 17 10 8 11  7% 111212 9184 26%
c -  7.68  0 15 31 2489  1 141913 24924 1.6 17 10 8 11  7% 111212 9184 26%
c t  7.69  0 15 31 2489  1 141913 24924 1.6 17 10 8 11  7% 111185 9184 26%
c -  8.04  0 14 32 2728  1 151764 28796 1.6 17 10 8 11  7% 111185 9184 26%
c t  8.07  0 14 32 2728  1 151764 28796 1.6 17 10 8 11  7% 111141 9184 26%
c W  8.15  0 14 32 2782  1 153038 29773 1.6 17 10 8 11  7% 111141 9184 26%
c -  8.49  0 14 33 3074  1 161953 31893 1.6 17 10 8 11  7% 111141 9184 26%
c t  8.51  0 14 33 3074  1 161953 31893 1.6 17 10 8 11  7% 111103 9184 26%
c s  8.81  0 14 33 3197  1 167550 32711 1.6 17 10 8 11  7% 111103 9184 26%
c t  8.82  0 14 33 3197  1 167550 32711 1.6 17 10 8 11  7% 111083 9184 26%
c s  8.95  0 14 33 3197  1 167550 31982 1.6 17 10 8 11  7% 111083 9184 26%
c 
c  seconds  reductions   conflicts         size   tier2        variables
c         MB     restarts       redundant     glue    trail         remaining
c          level       rate          size/glue  tier1   irredundant
c 
c F  9.10  0 14 33 3299  1 171041 34437 1.6 17 10 8 11  7% 111083 9184 26%
c -  9.16  0 14 34 3364  1 172476 31502 1.6 17 10 8 11  7% 111083 9184 26%
c t  9.19  0 14 34 3364  1 172476 31502 1.6 17 10 8 11  7% 111069 9184 26%
c -  9.60  0 14 35 3741  1 183331 35270 1.6 17 10 8 11  7% 111069 9184 26%
c u  9.68  0 14 35 3741  1 183331 35089 1.6 17 10 8 11  7% 111069 9184 26%
c v  9.70  0 14 35 3741  1 183331 34867 1.6 17 10 8 11  7% 111069 9184 26%
c w  9.71  0 14 35 3741  1 183331 34834 1.6 17 10 8 11  7% 111069 9184 26%
c t  9.71  0 14 35 3741  1 183331 34834 1.6 17 10 8 11  7% 111054 9184 26%
c }  9.77  0 14 35 3790  1 184689 35944 1.6 17 10 8 11  7% 111054 9184 26%
c [  9.77  0 19 35 3790  1 184689 35944 1.8 25 14 6 11  7% 111054 9184 26%
c I 10.01  0 19 35 3791  1 190043 40029 1.8 25 14 6 11  7% 111054 9184 26%
c - 10.27  0 24 36 3791  1 194524 36582 1.8 28 16 6 11  7% 111054 9184 26%
c t 10.29  0 24 36 3791  1 194524 36582 1.8 28 16 6 11  7% 111039 9184 26%
c - 11.02  0 28 37 3792  1 206053 35668 1.7 31 18 6 12  7% 111039 9184 26%
c t 11.04  0 28 37 3792  1 206053 35668 1.7 31 18 6 12  7% 111021 9184 26%
c B 11.27  0 29 37 3792  1 210046 39457 1.7 32 18 6 12  7% 111021 9184 26%
c ] 11.56  0 29 37 3795  1 215315 44052 1.8 31 18 6 12  7% 111021 9184 26%
c { 11.56  0 14 37 3795  1 215315 44052 1.6 17 10 8 11  7% 111021 9184 26%
c - 11.69  0 14 38 3839  1 217918 36388 1.6 17 10 8 11  7% 111021 9184 26%
c u 11.74  0 14 38 3839  1 217918 36220 1.6 17 10 8 11  7% 111021 9184 26%
c 
c  seconds  reductions   conflicts         size   tier2        variables
c         MB     restarts       redundant     glue    trail         remaining
c          level       rate          size/glue  tier1   irredundant
c 
c v 11.75  0 14 38 3839  1 217918 36088 1.6 17 10 8 11  7% 111021 9184 26%
c w 11.76  0 14 38 3839  1 217918 36070 1.6 17 10 8 11  7% 111021 9184 26%
c t 11.76  0 14 38 3839  1 217918 36070 1.6 17 10 8 11  7% 111018 9184 26%
c s 12.20  0 14 38 4085  1 225093 39506 1.6 17 10 8 11  7% 111018 9184 26%
c s 12.37  0 14 38 4085  1 225093 39107 1.6 17 10 8 11  7% 111018 9184 26%
c - 12.61  0 14 39 4251  1 230118 38447 1.6 17 10 8 11  7% 111018 9184 26%
c B 12.66  0 14 39 4334  1 231048 39154 1.6 17 10 8 11  7% 111018 9184 26%
c - 13.16  0 14 40 4743  1 242654 43461 1.6 17 10 8 11  7% 111018 9184 26%
c t 13.19  0 14 40 4743  1 242654 43461 1.6 17 10 8 11  7% 111010 9184 26%
c W 13.83  0 14 40 4932  1 253049 50899 1.6 17 10 8 11  7% 111010 9184 26%
c - 13.96  0 14 41 5022  1 255527 47318 1.6 17 10 8 11  7% 111010 9184 26%
c t 13.99  0 14 41 5022  1 255527 47318 1.6 17 10 8 11  7% 111006 9184 26%
c } 14.55  0 14 41 5366  1 267613 56105 1.6 17 10 6 10  7% 111006 9184 26%
c [ 14.55  0 29 41 5366  1 267613 56105 1.8 31 18 6 12  7% 111006 9184 26%
c - 14.61  0 28 42 5367  1 268737 34024 1.8 31 18 6 12  7% 111006 9184 26%
c u 14.65  0 28 42 5367  1 268737 33762 1.8 31 18 6 12  7% 111006 9184 26%
c v 14.66  0 28 42 5367  1 268737 33678 1.8 31 18 6 12  7% 111006 9184 26%
c w 14.66  0 28 42 5367  1 268737 33667 1.8 31 18 6 12  7% 111006 9184 26%
c t 14.68  0 28 42 5367  1 268737 33667 1.8 31 18 6 12  7% 111002 9184 26%
c W 15.13  0 29 42 5370  1 276050 40585 1.8 31 18 6 12  7% 111002 9184 26%
c 
c  seconds  reductions   conflicts         size   tier2        variables
c         MB     restarts       redundant     glue    trail         remaining
c          level       rate          size/glue  tier1   irredundant
c 
c - 15.54  0 29 43 5375  1 282285 28961 1.8 32 18 6 12  7% 111002 9184 26%
c t 15.63  0 29 43 5375  1 282285 28961 1.8 32 18 6 12  7% 110998 9184 26%
c s 16.16  0 28 43 5378  1 289816 34040 1.8 32 17 6 12  7% 110998 9184 26%
c t 16.17  0 28 43 5378  1 289816 34040 1.8 32 17 6 12  7% 110996 9184 26%
c s 16.25  0 28 43 5378  1 289816 33701 1.8 32 17 6 12  7% 110996 9184 26%
c - 16.70  0 27 44 5378  1 296169 25716 1.8 31 17 6 12  7% 110996 9184 26%
c t 16.71  0 27 44 5378  1 296169 25716 1.8 31 17 6 12  7% 110994 9184 26%
c O 16.96  0 26 44 5381  1 300051 28903 1.8 30 17 6 12  7% 110994 9184 26%
c ] 17.31  0 26 44 5385  1 305431 33355 1.8 30 17 6 12  7% 110994 9184 26%
c { 17.31  0 14 44 5385  1 305431 33355 1.6 17 10 6 10  7% 110994 9184 26%
c - 17.55  0 14 45 5622  1 310390 28037 1.6 17 10 6 10  7% 110994 9184 26%
c u 17.60  0 14 45 5622  1 310390 27605 1.6 17 10 6 10  7% 110994 9184 26%
c v 17.62  0 14 45 5622  1 310390 27429 1.6 17 10 6 10  7% 110994 9184 26%
c w 17.63  0 14 45 5622  1 310390 27354 1.6 17 10 6 10  7% 110994 9184 26%
c t 17.64  0 14 45 5622  1 310390 27354 1.6 17 10 6 10  7% 110988 9184 26%
c - 18.23  0 14 46 6246  1 324948 30904 1.6 17 10 6 10  7% 110988 9184 26%
c t 18.26  0 14 46 6246  1 324948 30904 1.6 17 10 6 10  7% 110978 9184 26%
c # 18.26  0 14 46 6252  1 325054 30991 1.6 17 10 6 10  7% 110978 9184 26%
c - 18.88  0 13 47 6623  1 339846 30074 1.6 17 10 5 10  7% 110978 9184 26%
c t 18.90  0 13 47 6623  1 339846 30074 1.6 17 10 5 10  7% 110974 9184 26%
c 
c  seconds  reductions   conflicts         size   tier2        variables
c         MB     restarts       redundant     glue    trail         remaining
c          level       rate          size/glue  tier1   irredundant
c 
c B 19.34  0 13 47 6939  1 351056 38153 1.6 17 10 5 10  7% 110974 9184 26%
c - 19.52  0 13 48 7112  1 355080 30624 1.6 17 10 5 10  7% 110974 9184 26%
c u 19.57  0 13 48 7112  1 355080 30317 1.6 17 10 5 10  7% 110974 9184 26%
c v 19.58  0 13 48 7112  1 355080 30176 1.6 17 10 5 10  7% 110974 9184 26%
c w 19.59  0 13 48 7112  1 355080 29889 1.6 17 10 5 10  7% 110974 9184 26%
c s 19.95  0 13 48 7360  1 361721 30966 1.6 17 10 5 10  7% 110974 9184 26%
c s 20.05  0 13 48 7360  1 361721 30346 1.6 17 10 5 10  7% 110974 9184 26%
c - 20.44  0 13 49 7671  1 370650 27695 1.6 17 10 5 10  7% 110974 9184 26%
c t 20.47  0 13 49 7671  1 370650 27695 1.6 17 10 5 10  7% 110968 9184 26%
c } 20.64  0 13 49 7840  1 375258 31026 1.6 17 10 5 10  7% 110968 9184 26%
c [ 20.64  0 26 49 7840  1 375258 31026 1.8 30 17 6 12  7% 110968 9184 26%
c B 20.76  0 25 49 7840  1 378057 33254 1.8 30 16 6 12  7% 110968 9184 26%
c - 21.24  0 26 50 7846  1 386564 28602 1.8 30 16 6 12  7% 110968 9184 26%
c t 21.26  0 26 50 7846  1 386564 28602 1.8 30 16 6 12  7% 110957 9184 26%
c - 22.28  0 24 51 7849  1 402809 27534 1.8 29 16 5 11  7% 110957 9184 26%
c u 22.34  0 24 51 7849  1 402809 27114 1.8 29 16 5 11  7% 110957 9184 26%
c v 22.35  0 24 51 7849  1 402809 26930 1.8 29 16 5 11  7% 110957 9184 26%
c w 22.36  0 24 51 7849  1 402809 26905 1.8 29 16 5 11  7% 110957 9184 26%
c t 22.37  0 24 51 7849  1 402809 26905 1.8 29 16 5 11  7% 110936 9184 26%
c W 22.88  0 24 51 7849  1 406059 29867 1.8 30 16 5 11  7% 110936 9184 26%
c 
c  seconds  reductions   conflicts         size   tier2        variables
c         MB     restarts       redundant     glue    trail         remaining
c          level       rate          size/glue  tier1   irredundant
c 
c - 23.77  0 24 52 7850  1 419391 26796 1.9 30 16 5 11  7% 110936 9184 26%
c t 23.91  0 24 52 7850  1 419391 26796 1.9 30 16 5 11  7% 110922 9184 26%
c ] 24.21  0 24 52 7850  1 424366 31118 1.9 30 16 5 11  7% 110922 9184 26%
c { 24.21  0 13 52 7850  1 424366 31118 1.6 17 10 5 10  7% 110922 9184 26%
c W 24.74  0 13 52 8187  1 435060 38692 1.6 17 10 5 10  7% 110922 9184 26%
c - 24.82  0 13 53 8261  1 436311 28209 1.6 17 10 5 10  7% 110922 9184 26%
c u 24.86  0 13 53 8261  1 436311 27994 1.6 17 10 5 10  7% 110922 9184 26%
c v 24.87  0 13 53 8261  1 436311 27931 1.6 17 10 5 10  7% 110922 9184 26%
c w 24.87  0 13 53 8261  1 436311 27911 1.6 17 10 5 10  7% 110922 9184 26%
c t 24.89  0 13 53 8261  1 436311 27911 1.6 17 10 5 10  7% 110907 9184 26%
c s 25.15  0 13 53 8339  1 440811 29485 1.6 17 10 5 10  7% 110907 9184 26%
c t 25.16  0 13 53 8339  1 440811 29485 1.6 17 10 5 10  7% 110902 9184 26%
c s 25.25  0 13 53 8339  1 440811 29137 1.6 17 10 5 10  7% 110902 9184 26%
c - 25.81  0 13 54 9076  1 453569 29805 1.6 16 10 5 10  7% 110902 9184 26%
c t 25.83  0 13 54 9076  1 453569 29804 1.6 16 10 5 10  7% 110889 9184 26%
c F 26.29  0 13 54 9441  1 465064 38012 1.6 16 10 4 9  7% 110889 9184 26%
c - 26.58  0 13 55 9761  1 471163 27559 1.6 16 10 4 9  7% 110889 9184 26%
c t 26.61  0 13 55 9761  1 471163 27559 1.6 16 10 4 9  7% 110881 9184 26%
c - 27.38  0 13 56 10451  1 489093 27706 1.6 17 10 4 9  7% 110881 9184 26%
c u 27.43  0 13 56 10451  1 489093 27285 1.6 17 10 4 9  7% 110881 9184 26%
c 
c  seconds  reductions    conflicts         size   tier2       variables
c         MB      restarts       redundant     glue   trail         remaining
c          level        rate          size/glue  tier1  irredundant
c 
c v 27.45  0 13 56 10451  1 489093 27084 1.6 17 10 4 9  7% 110881 9184 26%
c w 27.46  0 13 56 10451  1 489093 27057 1.6 17 10 4 9  7% 110881 9184 26%
c t 27.46  0 13 56 10451  1 489093 27055 1.6 17 10 4 9  7% 110879 9184 26%
c B 27.76  0 13 56 10682  1 496066 32152 1.6 17 10 4 9  7% 110879 9184 26%
c - 28.25  0 13 57 11051  1 507362 27549 1.6 16 10 4 9  7% 110879 9184 26%
c } 28.40  0 13 57 11124  1 510557 29809 1.6 16 10 4 9  7% 110879 9184 26%
c [ 28.40  0 24 57 11124  1 510557 29809 1.9 30 16 5 11  7% 110879 9184 26%
c - 29.34  0 24 58 11124  1 525969 27102 1.9 30 16 5 11  7% 110879 9184 26%
c u 29.39  0 24 58 11124  1 525969 26755 1.9 30 16 5 11  7% 110879 9184 26%
c v 29.40  0 24 58 11124  1 525969 26609 1.9 30 16 5 11  7% 110879 9184 26%
c w 29.41  0 24 58 11124  1 525969 26520 1.9 30 16 5 11  7% 110879 9184 26%
c s 29.54  0 24 58 11124  1 527068 26075 1.9 30 16 5 11  7% 110879 9184 26%
c s 29.61  0 24 58 11124  1 527068 25849 1.9 30 16 5 11  7% 110879 9184 26%
c I 29.68  0 24 58 11124  1 528069 26712 1.9 30 16 5 11  7% 110879 9184 26%
c - 30.82  0 33 59 11131  1 544915 23316 1.8 34 19 5 11  7% 110879 9184 26%
c B 31.96  0 32 59 11139  1 561072 37978 1.8 34 19 5 11  7% 110879 9184 26%
c - 32.19  0 32 60 11139  1 564198 22754 1.8 34 19 5 11  7% 110879 9184 26%
c u 32.25  0 32 60 11139  1 564198 22357 1.8 34 19 5 11  7% 110879 9184 26%
c v 32.27  0 32 60 11139  1 564198 22160 1.8 34 19 5 11  7% 110879 9184 26%
c w 32.28  0 32 60 11139  1 564198 22135 1.8 34 19 5 11  7% 110879 9184 26%
c 
c  seconds  reductions    conflicts         size   tier2        variables
c         MB      restarts       redundant     glue    trail         remaining
c          level        rate          size/glue  tier1   irredundant
c 
c ] 32.59  0 32 60 11140  1 569355 26862 1.8 34 19 5 11  7% 110879 9184 26%
c { 32.59  0 13 60 11140  1 569355 26862 1.6 16 10 4 9  7% 110879 9184 26%
c - 33.26  0 13 61 11690  1 583820 25106 1.6 17 10 4 9  7% 110879 9184 26%
c W 34.16  0 13 61 12264  1 595076 33257 1.6 17 10 4 9  7% 110879 9184 26%
c - 34.57  0 13 62 12639  1 603782 28763 1.6 16 10 4 9  7% 110879 9184 26%
c u 34.71  0 13 62 12639  1 603782 28439 1.6 16 10 4 9  7% 110879 9184 26%
c v 34.72  0 13 62 12639  1 603782 28299 1.6 16 10 4 9  7% 110879 9184 26%
c w 34.73  0 13 62 12639  1 603782 28266 1.6 16 10 4 9  7% 110879 9184 26%
c - 35.68  0 13 63 13735  1 624078 30136 1.6 17 10 4 9  7% 110879 9184 26%
c # 35.96  0 13 63 14042  1 630078 34663 1.6 17 10 4 9  7% 110879 9184 26%
c - 36.64  0 13 64 14744  2 644712 31563 1.6 17 10 4 9  7% 110879 9184 26%
c u 36.68  0 13 64 14744  2 644712 31344 1.6 17 10 4 9  7% 110879 9184 26%
c v 36.69  0 13 64 14744  2 644712 31244 1.6 17 10 4 9  7% 110879 9184 26%
c w 36.70  0 13 64 14744  2 644712 31217 1.6 17 10 4 9  7% 110879 9184 26%
c - 37.70  0 13 65 15542  1 665685 32489 1.6 17 10 4 9  7% 110879 9184 26%
c B 37.75  0 13 65 15552  1 666080 32802 1.6 17 10 4 9  7% 110879 9184 26%
c } 37.84  0 13 65 15639  1 668001 34229 1.6 17 10 4 9  7% 110879 9184 26%
c [ 37.84  0 32 65 15639  1 668001 34229 1.8 34 19 5 11  7% 110879 9184 26%
c - 39.02  0 30 66 15651  1 686996 31839 1.8 33 18 5 11  7% 110879 9184 26%
c u 39.08  0 30 66 15651  1 686996 31438 1.8 33 18 5 11  7% 110879 9184 26%
c 
c  seconds  reductions    conflicts         size   tier2        variables
c         MB      restarts       redundant     glue    trail         remaining
c          level        rate          size/glue  tier1   irredundant
c 
c v 39.10  0 30 66 15651  1 686996 31244 1.8 33 18 5 11  7% 110879 9184 26%
c w 39.11  0 30 66 15651  1 686996 31176 1.8 33 18 5 11  7% 110879 9184 26%
c W 40.52  0 28 66 15654  1 703081 44786 1.9 32 17 5 11  7% 110879 9184 26%
c - 40.99  0 27 67 15654  1 708647 29361 1.9 31 17 5 11  7% 110879 9184 26%
c - 42.54  0 26 68 15662  1 730637 29961 1.9 31 16 5 11  7% 110879 9184 26%
c u 42.61  0 26 68 15662  1 730637 29408 1.9 31 16 5 11  7% 110879 9184 26%
c v 42.63  0 26 68 15662  1 730637 29136 1.9 31 16 5 11  7% 110879 9184 26%
c w 42.64  0 26 68 15662  1 730637 28843 1.9 31 16 5 11  7% 110879 9184 26%
c ] 42.80  0 26 68 15664  1 732908 30896 1.9 31 16 5 11  7% 110879 9184 26%
c { 42.80  0 13 68 15664  1 732908 30896 1.6 17 10 4 9  7% 110879 9184 26%
c W 43.33  0 13 68 16055  2 741083 37030 1.6 17 10 4 9  7% 110879 9184 26%
c - 43.88  0 13 69 16544  2 752964 30090 1.6 17 10 4 9  7% 110879 9184 26%
c - 44.93  0 13 70 17418  2 775629 34010 1.6 17 10 4 9  7% 110879 9184 26%
c u 45.00  0 13 70 17418  2 775629 33698 1.6 17 10 4 9  7% 110879 9184 26%
c v 45.01  0 13 70 17418  2 775629 33543 1.6 17 10 4 9  7% 110879 9184 26%
c w 45.02  0 13 70 17418  2 775629 33501 1.6 17 10 4 9  7% 110879 9184 26%
c F 45.23  0 13 70 17525  1 780084 36869 1.6 17 10 4 9  7% 110879 9184 26%
c - 46.15  0 13 71 18148  1 798634 35597 1.6 17 10 4 9  7% 110879 9184 26%
c B 47.20  0 13 71 18757  1 820086 50944 1.6 17 10 4 9  7% 110879 9184 26%
c - 47.32  0 13 72 18845  1 821976 36824 1.6 17 10 4 9  7% 110879 9184 26%
c 
c  seconds  reductions    conflicts         size   tier2       variables
c         MB      restarts       redundant     glue   trail         remaining
c          level        rate          size/glue  tier1  irredundant
c 
c u 47.37  0 13 72 18845  1 821976 36481 1.6 17 10 4 9  7% 110879 9184 26%
c v 47.39  0 13 72 18845  1 821976 36324 1.6 17 10 4 9  7% 110879 9184 26%
c w 47.40  0 13 72 18845  1 821976 36237 1.6 17 10 4 9  7% 110879 9184 26%
c - 48.55  0 13 73 19557  1 845658 37314 1.6 17 10 4 9  7% 110879 9184 26%
c } 48.72  0 13 73 19565  1 846433 37888 1.6 17 10 4 9  7% 110879 9184 26%
c [ 48.72  0 26 73 19565  1 846433 37888 1.9 31 16 5 11  7% 110879 9184 26%
c O 49.63  0 25 73 19570  1 861089 50534 1.9 31 16 4 9  7% 110879 9184 26%
c - 50.33  0 25 74 19575  1 869678 36518 1.9 30 16 4 9  7% 110879 9184 26%
c u 50.40  0 25 74 19575  1 869678 36053 1.9 30 16 4 9  7% 110879 9184 26%
c v 50.42  0 25 74 19575  1 869678 35827 1.9 30 16 4 9  7% 110879 9184 26%
c w 50.43  0 25 74 19575  1 869678 35741 1.9 30 16 4 9  7% 110879 9184 26%
c - 52.24  0 23 75 19585  1 894037 33171 1.9 30 15 4 9  7% 110879 9184 26%
c u 52.28  0 23 75 19585  1 894037 32956 1.9 30 15 4 9  7% 110879 9184 26%
c v 52.29  0 23 75 19585  1 894037 32869 1.9 30 15 4 9  7% 110879 9184 26%
c w 52.29  0 23 75 19585  1 894037 32740 1.9 30 15 4 9  7% 110879 9184 26%
c B 52.93  0 23 75 19586  1 903092 40692 2.0 30 15 4 9  7% 110879 9184 26%
c - 54.17  0 22 76 19587  1 918736 34185 2.0 29 15 4 9  7% 110879 9184 26%
c u 54.23  0 22 76 19587  1 918736 33903 2.0 29 15 4 9  7% 110879 9184 26%
c v 54.24  0 22 76 19587  1 918736 33851 2.0 29 15 4 9  7% 110879 9184 26%
c w 54.25  0 22 76 19587  1 918736 33776 2.0 29 15 4 9  7% 110879 9184 26%
c 
c  seconds  reductions    conflicts         size   tier2       variables
c         MB      restarts       redundant     glue   trail         remaining
c          level        rate          size/glue  tier1  irredundant
c 
c ] 54.28  0 22 76 19587  1 918959 33978 2.0 29 15 4 9  7% 110879 9184 26%
c { 54.28  0 13 76 19587  1 918959 33978 1.6 17 10 4 9  7% 110879 9184 26%
c - 55.55  0 13 77 20910  1 943772 33427 1.6 17 10 4 8  7% 110879 9184 26%
c t 55.57  0 13 77 20910  1 943772 33426 1.6 17 10 4 8  7% 110879 9184 26%
c W 56.25  0 13 77 20966  1 946094 35007 1.6 17 10 4 8  7% 110879 9184 26%
c - 57.26  0 13 78 21660  1 969148 34311 1.6 17 10 4 8  7% 110879 9184 26%
c u 57.31  0 13 78 21660  1 969148 33966 1.6 17 10 4 8  7% 110879 9184 26%
c v 57.33  0 13 78 21660  1 969148 33765 1.6 17 10 4 8  7% 110879 9184 26%
c w 57.34  0 13 78 21660  1 969148 33699 1.6 17 10 4 8  7% 110879 9184 26%
c # 57.91  0 13 78 22258  1 990095 48954 1.6 17 10 4 8  7% 110879 9184 26%
c - 58.06  0 13 79 22436  1 994862 34932 1.6 17 10 4 8  7% 110879 9184 26%
c - 58.87  0 13 80 23323  1 1020916 35717 1.6 17 10 4 8  7% 110879 9184 26%
c B 59.36  0 13 80 23771  1 1035096 45861 1.6 17 10 4 8  7% 110879 9184 26%
c - 59.77  0 13 81 24223  1 1047309 36916 1.6 17 10 4 8  7% 110879 9184 26%
c u 59.82  0 13 81 24223  1 1047309 36595 1.6 17 10 4 8  7% 110879 9184 26%
c v 59.83  0 13 81 24223  1 1047309 36410 1.6 17 10 4 8  7% 110879 9184 26%
c w 59.84  0 13 81 24223  1 1047309 36277 1.6 17 10 4 8  7% 110879 9184 26%
c - 60.74  0 13 82 25255  1 1074040 39610 1.6 16 10 4 9  7% 110879 9184 26%
c W 61.19  0 13 82 25425  1 1081097 44656 1.6 16 10 4 9  7% 110879 9184 26%
c - 61.92  0 13 83 26167  1 1101110 43796 1.6 16 10 4 9  7% 110879 9184 26%
c 
c  seconds  reductions     conflicts         size   tier2       variables
c         MB      restarts        redundant     glue   trail         remaining
c          level        rate           size/glue  tier1  irredundant
c 
c } 62.17  0 13 83 26437  1 1107937 49018 1.6 17 10 4 9  7% 110879 9184 26%
c [ 62.17  0 22 83 26437  1 1107937 49018 2.0 29 15 4 9  7% 110879 9184 26%
c W 63.70  0 26 83 26437  1 1128100 68213 1.9 31 16 4 9  8% 110879 9184 26%
c - 63.77  0 26 84 26437  1 1128520 43141 1.9 31 16 4 9  8% 110879 9184 26%
c u 63.85  0 26 84 26437  1 1128520 42621 1.9 31 16 4 9  8% 110879 9184 26%
c v 63.87  0 26 84 26437  1 1128520 42313 1.9 31 16 4 9  8% 110879 9184 26%
c w 63.88  0 26 84 26437  1 1128520 42204 1.9 31 16 4 9  8% 110879 9184 26%
c - 65.87  0 25 85 26438  1 1156270 39187 1.9 30 16 4 9  8% 110879 9184 26%
c u 66.12  0 25 85 26438  1 1156270 38861 1.9 30 16 4 9  8% 110879 9184 26%
c v 66.14  0 25 85 26438  1 1156270 38743 1.9 30 16 4 9  8% 110879 9184 26%
c w 66.14  0 25 85 26438  1 1156270 38580 1.9 30 16 4 9  8% 110879 9184 26%
c I 67.58  0 24 85 26438  1 1176103 54870 1.9 30 16 4 9  8% 110879 9184 26%
c - 68.19  0 28 86 26438  1 1184358 38239 1.8 32 18 4 9  7% 110879 9184 26%
c u 68.26  0 28 86 26438  1 1184358 38053 1.8 32 18 4 9  7% 110879 9184 26%
c v 68.27  0 28 86 26438  1 1184358 37892 1.8 32 18 4 9  7% 110879 9184 26%
c w 68.28  0 28 86 26438  1 1184358 37750 1.8 32 18 4 9  7% 110879 9184 26%
c ] 69.31  0 32 86 26438  1 1199363 51888 1.7 34 19 4 9  7% 110879 9184 26%
c { 69.31  0 13 86 26438  1 1199363 51888 1.6 17 10 4 9  7% 110879 9184 26%
c - 70.05  0 13 87 26890  1 1212786 38913 1.6 16 10 4 9  7% 110879 9184 26%
c u 70.10  0 13 87 26890  1 1212786 38789 1.6 16 10 4 9  7% 110879 9184 26%
c 
c  seconds  reductions     conflicts         size   tier2       variables
c         MB      restarts        redundant     glue   trail         remaining
c          level        rate           size/glue  tier1  irredundant
c 
c v 70.11  0 13 87 26890  1 1212786 38712 1.6 16 10 4 9  7% 110879 9184 26%
c w 70.11  0 13 87 26890  1 1212786 38630 1.6 16 10 4 9  7% 110879 9184 26%
c F 70.70  0 13 87 27478  1 1225105 47874 1.6 17 10 4 9  7% 110879 9184 26%
c - 71.54  0 13 88 28015  1 1241554 42332 1.6 17 10 4 9  7% 110879 9184 26%
c - 72.98  0 13 89 29080  1 1270662 46834 1.6 16 10 4 9  7% 110879 9184 26%
c u 73.06  0 13 89 29080  1 1270662 46327 1.6 16 10 4 9  7% 110879 9184 26%
c v 73.08  0 13 89 29080  1 1270662 46113 1.6 16 10 4 9  7% 110879 9184 26%
c w 73.09  0 13 89 29080  1 1270662 46033 1.6 16 10 4 9  7% 110879 9184 26%
c B 73.32  0 13 89 29400  1 1275106 49180 1.6 16 10 4 9  7% 110879 9184 26%
c - 74.62  0 13 90 30401  1 1300106 47634 1.6 16 10 4 9  7% 110879 9184 26%
c W 76.52  0 13 90 31488  1 1326110 66283 1.6 16 10 4 9  7% 110879 9184 26%
c - 76.75  0 13 91 31699  1 1329890 48910 1.6 16 10 4 9  7% 110879 9184 26%
c u 76.82  0 13 91 31699  1 1329890 48356 1.6 16 10 4 9  7% 110879 9184 26%
c v 76.84  0 13 91 31699  1 1329890 48133 1.6 16 10 4 9  7% 110879 9184 26%
c w 76.86  0 13 91 31699  1 1329890 48026 1.6 16 10 4 9  7% 110879 9184 26%
c } 77.54  0 13 91 32087  1 1343479 57803 1.6 17 10 4 9  7% 110879 9184 26%
c [ 77.54  0 32 91 32087  1 1343479 57803 1.7 34 19 4 9  7% 110879 9184 26%
c - 78.64  0 31 92 32096  1 1360013 48161 1.7 33 19 4 9  7% 110879 9184 26%
c B 80.08  0 29 92 32102  1 1378111 63554 1.8 32 18 4 9  7% 110879 9184 26%
c - 81.01  0 30 93 32109  1 1390475 45258 1.7 32 18 4 9  7% 110879 9184 26%
c 
c  seconds  reductions     conflicts         size   tier2       variables
c         MB      restarts        redundant     glue   trail         remaining
c          level        rate           size/glue  tier1  irredundant
c 
c u 81.10  0 30 93 32109  1 1390475 44564 1.7 32 18 4 9  7% 110879 9184 26%
c v 81.13  0 30 93 32109  1 1390475 44302 1.7 32 18 4 9  7% 110879 9184 26%
c w 81.15  0 30 93 32109  1 1390475 44063 1.7 32 18 4 9  7% 110879 9184 26%
c t 81.16  0 30 93 32109  1 1390475 44061 1.7 32 18 4 9  7% 110879 9184 26%
c - 83.74  0 27 94 32118  1 1421279 41694 1.8 32 18 4 9  7% 110879 9184 26%
c u 83.81  0 27 94 32118  1 1421279 41231 1.8 32 18 4 9  7% 110879 9184 26%
c v 83.82  0 27 94 32118  1 1421279 41090 1.8 32 18 4 9  7% 110879 9184 26%
c w 83.83  0 27 94 32118  1 1421279 41067 1.8 32 18 4 9  7% 110879 9184 26%
c t 83.83  0 27 94 32118  1 1421279 41066 1.8 32 18 4 9  7% 110879 9184 26%
c W 85.01  0 27 94 32120  1 1431114 50034 1.8 32 17 4 9  7% 110879 9184 26%
c ] 85.76  0 26 94 32125  1 1440422 57683 1.8 31 17 4 9  7% 110879 9184 26%
c { 85.76  0 13 94 32125  1 1440422 57683 1.6 17 10 4 9  7% 110879 9184 26%
c - 86.46  0 13 95 32836  1 1452419 29850 1.6 17 10 3 5  7% 110879 9184 26%
c u 86.53  0 13 95 32836  1 1452419 29420 1.6 17 10 3 5  7% 110879 9184 26%
c v 86.55  0 13 95 32836  1 1452419 29238 1.6 17 10 3 5  7% 110879 9184 26%
c - 88.05  0 13 96 34047  1 1483899 27131 1.6 17 10 3 5  7% 110879 9184 26%
c # 88.14  0 13 96 34070  1 1485118 27966 1.6 17 10 3 5  7% 110879 9184 26%
c - 89.62  0 13 97 35370  1 1515718 27135 1.6 17 10 3 5  7% 110879 9184 26%
c u 89.68  0 13 97 35370  1 1515718 26696 1.6 17 10 3 5  7% 110879 9184 26%
c v 89.70  0 13 97 35370  1 1515718 26479 1.6 17 10 3 5  7% 110879 9184 26%
c 
c  seconds  reductions     conflicts         size   tier2       variables
c         MB      restarts        redundant     glue   trail         remaining
c          level        rate           size/glue  tier1  irredundant
c 
c w 89.70  0 13 97 35370  1 1515718 26479 1.6 17 10 3 5  7% 110879 9184 26%
c B 90.85  0 13 97 36381  1 1540120 43884 1.6 17 10 3 5  7% 110879 9184 26%
c - 91.25  0 13 98 36570  1 1547879 26971 1.6 17 10 3 5  7% 110879 9184 26%
c - 92.99  0 13 99 37942  1 1580376 27490 1.6 17 10 3 5  7% 110879 9184 26%
c u 93.05  0 13 99 37942  1 1580376 26965 1.6 17 10 3 5  7% 110879 9184 26%
c v 93.07  0 13 99 37942  1 1580376 26694 1.6 17 10 3 5  7% 110879 9184 26%
c w 93.07  0 13 99 37942  1 1580376 26694 1.6 17 10 3 5  7% 110879 9184 26%
c W 94.23  0 13 99 38732  1 1596122 38122 1.6 17 10 3 5  7% 110879 9184 26%
c - 95.08  0 13 100 39546  1 1613214 27331 1.6 17 10 3 5  7% 110879 9184 26%
c u 95.13  0 13 100 39546  1 1613214 27161 1.6 17 10 3 5  7% 110879 9184 26%
c v 95.14  0 13 100 39546  1 1613214 27078 1.6 17 10 3 5  7% 110879 9184 26%
c x 95.16  0 13 100 39546  1 1613214 27075 1.6 17 10 3 5  7% 110879 9184 26%
c s 95.21  0 13 100 39546  1 1613214 26853 1.6 17 10 3 5  7% 110879 9184 26%
c s 95.27  0 13 100 39546  1 1613214 26686 1.6 17 10 3 5  7% 110879 9184 26%
c } 95.48  0 13 100 39806  2 1617571 29906 1.6 17 10 3 5  7% 110879 9184 26%
c [ 95.48  0 26 100 39806  1 1617571 29906 1.8 31 17 4 9  7% 110879 9184 26%
c - 97.64  0 24 101 39820  1 1646393 27739 1.9 30 16 4 9  7% 110879 9184 26%
c u 97.69  0 24 101 39820  1 1646393 27221 1.9 30 16 4 9  7% 110879 9184 26%
c v 97.71  0 24 101 39820  1 1646393 27047 1.9 30 16 4 9  7% 110879 9184 26%
c O 98.15  0 27 101 39823  1 1653123 33512 1.8 31 17 4 9  7% 110879 9184 26%
c 
c  seconds    reductions     conflicts         size   tier2       variables
c          MB       restarts        redundant     glue   trail         remaining
c           level         rate           size/glue  tier1  irredundant
c 
c - 100.15  0 25 102 39830  1 1679909 27619 1.9 30 16 4 9  7% 110879 9184 26%
c u 100.22  0 25 102 39830  1 1679909 27128 1.9 30 16 4 9  7% 110879 9184 26%
c v 100.24  0 25 102 39830  1 1679909 26952 1.9 30 16 4 9  7% 110879 9184 26%
c w 100.24  0 25 102 39830  1 1679909 26951 1.9 30 16 4 9  7% 110879 9184 26%
c B 102.38  0 24 102 39831  1 1711125 54170 1.9 30 16 4 9  7% 110879 9184 26%
c - 102.64  0 24 103 39831  1 1713764 27184 1.9 30 16 4 9  7% 110879 9184 26%
c u 102.70  0 24 103 39831  1 1713764 26769 1.9 30 16 4 9  7% 110879 9184 26%
c v 102.72  0 24 103 39831  1 1713764 26581 1.9 30 16 4 9  7% 110879 9184 26%
c w 102.72  0 24 103 39831  1 1713764 26581 1.9 30 16 4 9  7% 110879 9184 26%
c ] 104.44  0 23 103 39839  1 1735909 45920 1.9 30 15 4 9  7% 110879 9184 26%
c { 104.44  0 13 103 39839  2 1735909 45920 1.6 17 10 3 5  7% 110879 9184 26%
c - 105.14  0 13 104 40200  1 1747959 27109 1.6 17 10 3 5  7% 110879 9184 26%
c u 105.21  0 13 104 40200  1 1747959 26629 1.6 17 10 3 5  7% 110879 9184 26%
c v 105.23  0 13 104 40200  1 1747959 26472 1.6 17 10 3 5  7% 110879 9184 26%
c F 106.24  0 13 104 41032  1 1770127 42365 1.6 17 10 3 5  7% 110879 9184 26%
c - 106.86  0 13 105 41588  1 1782495 27242 1.6 17 10 3 5  7% 110879 9184 26%
c u 106.90  0 13 105 41588  1 1782495 27040 1.6 17 10 3 5  7% 110879 9184 26%
c v 106.91  0 13 105 41588  1 1782495 26934 1.6 17 10 3 5  7% 110879 9184 26%
c w 106.91  0 13 105 41588  1 1782495 26934 1.6 17 10 3 5  7% 110879 9184 26%
c - 108.60  0 13 106 43070  1 1817369 27927 1.6 16 10 3 5  7% 110879 9184 26%
c 
c  seconds    reductions     conflicts         size   tier2       variables
c          MB       restarts        redundant     glue   trail         remaining
c           level         rate           size/glue  tier1  irredundant
c 
c u 108.65  0 13 106 43070  1 1817369 27700 1.6 16 10 3 5  7% 110879 9184 26%
c v 108.66  0 13 106 43070  1 1817369 27559 1.6 16 10 3 5  7% 110879 9184 26%
c w 108.66  0 13 106 43070  1 1817369 27559 1.6 16 10 3 5  7% 110879 9184 26%
c B 109.27  0 13 106 43657  2 1830128 36705 1.6 16 10 3 5  7% 110879 9184 26%
c - 110.39  0 13 107 44550  1 1852583 27213 1.6 16 10 3 4  7% 110879 9184 26%
c u 110.43  0 13 107 44550  1 1852583 26933 1.6 16 10 3 4  7% 110879 9184 26%
c v 110.45  0 13 107 44550  1 1852583 26810 1.6 16 10 3 4  7% 110879 9184 26%
c w 110.45  0 13 107 44550  1 1852583 26810 1.6 16 10 3 4  7% 110879 9184 26%
c - 112.14  0 13 108 46032  1 1888136 27070 1.6 16 10 3 4  7% 110879 9184 26%
c u 112.20  0 13 108 46032  1 1888136 26788 1.6 16 10 3 4  7% 110879 9184 26%
c v 112.21  0 13 108 46032  1 1888136 26664 1.6 16 10 3 4  7% 110879 9184 26%
c w 112.21  0 13 108 46032  1 1888136 26664 1.6 16 10 3 4  7% 110879 9184 26%
c t 112.21  0 13 108 46032  1 1888136 26663 1.6 16 10 3 4  7% 110879 9184 26%
c W 113.19  0 13 108 46120  1 1891129 28685 1.6 16 10 3 4  7% 110879 9184 26%
c - 114.81  0 13 109 47671  2 1924028 27465 1.6 17 10 3 4  7% 110879 9184 26%
c u 114.86  0 13 109 47671  2 1924028 27245 1.6 17 10 3 4  7% 110879 9184 26%
c v 114.87  0 13 109 47671  2 1924028 27152 1.6 17 10 3 4  7% 110879 9184 26%
c w 114.87  0 13 109 47671  2 1924028 27152 1.6 17 10 3 4  7% 110879 9184 26%
c } 115.64  0 13 109 48468  2 1940207 38828 1.6 17 10 3 4  7% 110879 9184 26%
c [ 115.64  0 23 109 48468  1 1940207 38828 1.9 30 15 4 9  7% 110879 9184 26%
c 
c  seconds    reductions     conflicts         size   tier2       variables
c          MB       restarts        redundant     glue   trail         remaining
c           level         rate           size/glue  tier1  irredundant
c 
c W 116.65  0 23 109 48475  1 1953130 50050 1.9 30 15 4 9  7% 110879 9184 26%
c - 117.15  0 25 110 48476  1 1960260 28511 1.9 30 16 4 9  7% 110879 9184 26%
c u 117.21  0 25 110 48476  1 1960260 28118 1.9 30 16 4 9  7% 110879 9184 26%
c v 117.22  0 25 110 48476  1 1960260 27954 1.9 30 16 4 9  7% 110879 9184 26%
c w 117.23  0 25 110 48476  1 1960260 27954 1.9 30 16 4 9  7% 110879 9184 26%
c - 119.94  0 23 111 48491  1 1996832 28665 2.0 30 15 4 9  7% 110879 9184 26%
c u 120.01  0 23 111 48491  1 1996832 28159 2.0 30 15 4 9  7% 110879 9184 26%
c v 120.02  0 23 111 48491  1 1996832 27930 2.0 30 15 4 9  7% 110879 9184 26%
c w 120.02  0 23 111 48491  1 1996832 27930 2.0 30 15 4 9  7% 110879 9184 26%
c I 121.42  0 24 111 48497  1 2016132 45422 2.0 31 16 4 9  7% 110879 9184 26%
c - 122.86  0 33 112 48505  1 2033744 28779 1.8 35 20 4 9  7% 110879 9184 26%
c u 123.20  0 33 112 48505  1 2033744 28308 1.8 35 20 4 9  7% 110879 9184 26%
c v 123.22  0 33 112 48505  1 2033744 28125 1.8 35 20 4 9  7% 110879 9184 26%
c w 123.22  0 33 112 48505  1 2033744 28125 1.8 35 20 4 9  7% 110879 9184 26%
c ] 126.39  0 34 112 48521  1 2070490 62072 1.8 37 20 4 9  7% 110879 9184 26%
c { 126.39  0 13 112 48521  2 2070490 62072 1.6 17 10 3 4  7% 110879 9184 26%
c - 126.48  0 13 113 48560  2 2070995 28689 1.6 17 10 3 4  7% 110879 9184 26%
c u 126.55  0 13 113 48560  2 2070995 28012 1.6 17 10 3 4  7% 110879 9184 26%
c v 126.58  0 13 113 48560  2 2070995 27757 1.6 17 10 3 4  7% 110879 9184 26%
c w 126.58  0 13 113 48560  2 2070995 27757 1.6 17 10 3 4  7% 110879 9184 26%
c 
c  seconds    reductions     conflicts         size   tier2       variables
c          MB       restarts        redundant     glue   trail         remaining
c           level         rate           size/glue  tier1  irredundant
c 
c # 127.00  0 13 113 48855  2 2080134 34293 1.6 16 10 3 4  7% 110879 9184 26%
c - 128.41  0 13 114 49891  1 2108587 26639 1.6 17 10 3 4  7% 110879 9184 26%
c u 128.46  0 13 114 49891  1 2108587 26387 1.6 17 10 3 4  7% 110879 9184 26%
c v 128.47  0 13 114 49891  1 2108587 26274 1.6 17 10 3 4  7% 110879 9184 26%
c w 128.47  0 13 114 49891  1 2108587 26274 1.6 17 10 3 4  7% 110879 9184 26%
c B 130.13  0 13 114 51217  1 2145136 52120 1.6 16 10 3 4  7% 110879 9184 26%
c - 130.23  0 13 115 51287  1 2146520 26008 1.6 16 10 3 4  7% 110879 9184 26%
c u 130.28  0 13 115 51287  1 2146520 25770 1.6 16 10 3 4  7% 110879 9184 26%
c v 130.29  0 13 115 51287  1 2146520 25667 1.6 16 10 3 4  7% 110879 9184 26%
c - 132.13  0 13 116 52853  1 2184789 26181 1.6 17 10 3 4  7% 110879 9184 26%
c u 132.18  0 13 116 52853  1 2184789 25923 1.6 17 10 3 4  7% 110879 9184 26%
c v 132.19  0 13 116 52853  1 2184789 25817 1.6 17 10 3 4  7% 110879 9184 26%
c w 132.19  0 13 116 52853  1 2184789 25817 1.6 17 10 3 4  7% 110879 9184 26%
c W 134.20  0 13 116 53721  1 2211137 44861 1.6 17 10 3 4  7% 110879 9184 26%
c - 134.86  0 13 117 54289  1 2223400 26433 1.6 17 10 3 4  7% 110879 9184 26%
c u 134.91  0 13 117 54289  1 2223400 26142 1.6 17 10 3 4  7% 110879 9184 26%
c v 134.93  0 13 117 54289  1 2223400 26024 1.6 17 10 3 4  7% 110879 9184 26%
c - 136.83  0 13 118 55869  1 2262349 26750 1.6 17 10 3 4  7% 110879 9184 26%
c u 136.88  0 13 118 55869  1 2262349 26453 1.6 17 10 3 4  7% 110879 9184 26%
c v 136.89  0 13 118 55869  1 2262349 26325 1.6 17 10 3 4  7% 110879 9184 26%
c 
c  seconds    reductions     conflicts         size   tier2       variables
c          MB       restarts        redundant     glue   trail         remaining
c           level         rate           size/glue  tier1  irredundant
c 
c F 137.62  0 13 118 56412  1 2278141 37441 1.6 17 10 3 4  7% 110879 9184 26%
c - 138.81  0 13 119 57322  1 2301637 26779 1.6 17 10 3 4  7% 110879 9184 26%
c 2 138.81  0 13 119 57322  1 2301637 26778 1.6 17 10 3 4  7% 110879 9184 26%
c u 138.86  0 13 119 57322  1 2301637 26570 1.6 17 10 3 4  7% 110879 9184 26%
c v 138.87  0 13 119 57322  1 2301637 26498 1.6 17 10 3 4  7% 110879 9184 26%
c } 139.13  0 13 119 57517  1 2306317 29784 1.6 17 10 3 4  7% 110879 9184 26%
c [ 139.13  0 34 119 57517  1 2306317 29784 1.8 37 20 4 9  7% 110879 9184 26%
c - 141.79  0 31 120 57519  1 2341266 27875 1.8 34 19 4 9  7% 110879 9184 26%
c u 141.85  0 31 120 57519  1 2341266 27432 1.8 34 19 4 9  7% 110879 9184 26%
c v 141.87  0 31 120 57519  1 2341266 27254 1.8 34 19 4 9  7% 110879 9184 26%
c w 141.87  0 31 120 57519  1 2341266 27253 1.8 34 19 4 9  7% 110879 9184 26%
c t 141.88  0 31 120 57519  1 2341266 27247 1.8 34 19 4 9  7% 110879 9184 26%
c B 142.18  0 31 120 57519  1 2346142 31890 1.8 34 19 4 9  7% 110879 9184 26%
c - 145.18  0 35 121 57520  1 2381235 28815 1.8 37 21 4 9  7% 110879 9184 26%
c u 145.26  0 35 121 57520  1 2381235 28215 1.8 37 21 4 9  7% 110879 9184 26%
c v 145.29  0 35 121 57520  1 2381235 28026 1.8 37 21 4 9  7% 110879 9184 26%
c w 145.30  0 35 121 57520  1 2381235 27940 1.8 37 21 4 9  7% 110879 9184 26%
c W 148.77  0 37 121 57520  1 2415144 59670 1.8 38 21 4 9  7% 110879 9184 26%
c - 149.40  0 37 122 57520  1 2421546 28509 1.8 38 21 4 9  7% 110879 9184 26%
c u 149.49  0 37 122 57520  1 2421546 28146 1.8 38 21 4 9  7% 110879 9184 26%
c 
c  seconds    reductions     conflicts         size   tier2       variables
c          MB       restarts        redundant     glue   trail         remaining
c           level         rate           size/glue  tier1  irredundant
c 
c v 149.52  0 37 122 57520  1 2421546 27887 1.8 38 21 4 9  7% 110879 9184 26%
c w 149.52  0 37 122 57520  1 2421546 27886 1.8 38 21 4 9  7% 110879 9184 26%
c ] 151.83  0 34 122 57521  1 2449766 53553 1.9 38 20 4 9  7% 110879 9184 26%
c { 151.83  0 13 122 57521  1 2449766 53553 1.6 17 10 3 4  7% 110879 9184 26%
c - 152.56  0 13 123 58120  1 2462195 28291 1.6 17 10 3 4  7% 110879 9184 26%
c u 152.62  0 13 123 58120  1 2462195 27841 1.6 17 10 3 4  7% 110879 9184 26%
c v 152.64  0 13 123 58120  1 2462195 27691 1.6 17 10 3 4  7% 110879 9184 26%
c w 152.64  0 13 123 58120  1 2462195 27691 1.6 17 10 3 4  7% 110879 9184 26%
c B 153.71  0 13 123 59170  1 2485145 44000 1.6 17 10 3 4  7% 110879 9184 26%
c - 154.64  0 13 124 59872  1 2503182 27353 1.6 17 10 3 4  7% 110879 9184 26%
c u 154.71  0 13 124 59872  1 2503182 27045 1.6 17 10 3 4  7% 110879 9184 26%
c v 154.73  0 13 124 59872  1 2503182 26952 1.6 17 10 3 4  7% 110879 9184 26%
c w 154.73  0 13 124 59872  1 2503182 26951 1.6 17 10 3 4  7% 110879 9184 26%
c - 156.37  0 13 125 61330  1 2544508 29024 1.6 17 10 3 4  7% 110879 9184 26%
c W 157.10  0 13 125 61687  1 2556147 37380 1.6 17 10 3 4  7% 110879 9184 26%
c - 158.15  0 13 126 62720  1 2586175 30155 1.6 17 10 3 4  7% 110879 9184 26%
c u 158.21  0 13 126 62720  1 2586175 29768 1.6 17 10 3 4  7% 110879 9184 26%
c v 158.23  0 13 126 62720  1 2586175 29584 1.6 17 10 3 4  7% 110879 9184 26%
c # 159.66  0 13 126 64234  1 2628148 59501 1.6 16 10 3 4  7% 110879 9184 26%
c - 159.68  0 13 127 64235  1 2628183 29712 1.6 16 10 3 4  7% 110879 9184 26%
c 
c  seconds    reductions     conflicts         size   tier2       variables
c          MB       restarts        redundant     glue   trail         remaining
c           level         rate           size/glue  tier1  irredundant
c 
c - 161.35  0 13 128 65620  1 2670529 30503 1.6 16 10 3 4  7% 110879 9184 26%
c u 161.41  0 13 128 65620  1 2670529 30068 1.6 16 10 3 4  7% 110879 9184 26%
c v 161.43  0 13 128 65620  1 2670529 29897 1.6 16 10 3 4  7% 110879 9184 26%
c B 162.55  0 13 128 66670  1 2701149 52031 1.6 16 10 3 4  7% 110879 9184 26%
c - 163.07  0 13 129 67224  1 2713215 30784 1.6 17 10 3 4  7% 110879 9184 26%
c - 164.81  0 13 130 69187  1 2756242 31594 1.6 17 10 3 4  7% 110879 9184 26%
c u 164.88  0 13 130 69187  1 2756242 31225 1.6 17 10 3 4  7% 110879 9184 26%
c v 164.91  0 13 130 69187  1 2756242 31004 1.6 17 10 3 4  7% 110879 9184 26%
c w 164.91  0 13 130 69187  1 2756242 31004 1.6 17 10 3 4  7% 110879 9184 26%
c W 166.01  0 13 130 69975  1 2775154 44544 1.6 16 10 3 4  7% 110879 9184 26%
c } 166.51  0 13 130 70404  1 2788426 53788 1.6 16 10 3 4  7% 110879 9184 26%
c [ 166.51  0 34 130 70404  1 2788426 53788 1.9 38 20 4 9  7% 110879 9184 26%
c - 167.24  0 36 131 70404  1 2799607 32507 1.9 38 21 4 9  8% 110879 9184 26%
c u 167.29  0 36 131 70404  1 2799607 32407 1.9 38 21 4 9  8% 110879 9184 26%
c v 167.30  0 36 131 70404  1 2799607 32281 1.9 38 21 4 9  8% 110879 9184 26%
c w 167.30  0 36 131 70404  1 2799607 32280 1.9 38 21 4 9  8% 110879 9184 26%
c - 171.00  0 33 132 70404  1 2843316 34564 1.9 37 19 4 9  7% 110879 9184 26%
c u 171.11  0 33 132 70404  1 2843316 33917 1.9 37 19 4 9  7% 110879 9184 26%
c v 171.13  0 33 132 70404  1 2843316 33716 1.9 37 19 4 9  7% 110879 9184 26%
c w 171.15  0 33 132 70404  1 2843316 33625 1.9 37 19 4 9  7% 110879 9184 26%
c 
c  seconds    reductions     conflicts         size   tier2       variables
c          MB       restarts        redundant     glue   trail         remaining
c           level         rate           size/glue  tier1  irredundant
c 
c t 171.15  0 33 132 70404  1 2843316 33624 1.9 37 19 4 9  7% 110879 9184 26%
c O 171.58  0 32 132 70404  1 2850155 39676 1.9 36 19 4 9  7% 110879 9184 26%
c - 174.58  0 27 133 70404  1 2887361 32679 1.9 33 17 4 9  7% 110879 9184 26%
c u 174.65  0 27 133 70404  1 2887361 32548 1.9 33 17 4 9  7% 110879 9184 26%
c v 174.68  0 27 133 70404  1 2887361 32391 1.9 33 17 4 9  7% 110879 9184 26%
c B 178.00  0 25 133 70419  1 2926156 66403 1.9 32 17 4 9  7% 110879 9184 26%
c - 178.67  0 25 134 70419  1 2931747 33445 1.9 32 16 4 9  7% 110879 9184 26%
c u 178.77  0 25 134 70419  1 2931747 33086 1.9 32 16 4 9  7% 110879 9184 26%
c v 178.80  0 25 134 70419  1 2931747 32910 1.9 32 16 4 9  7% 110879 9184 26%
c w 178.80  0 25 134 70419  1 2931747 32910 1.9 32 16 4 9  7% 110879 9184 26%
c ] 179.81  0 24 134 70428  1 2946611 45714 2.0 32 16 4 9  7% 110879 9184 26%
c { 179.81  0 13 134 70428  1 2946611 45714 1.6 16 10 3 4  7% 110879 9184 26%
c - 180.99  0 13 135 71462  1 2976471 33562 1.6 16 10 3 4  7% 110879 9184 26%
c u 181.05  0 13 135 71462  1 2976471 33409 1.6 16 10 3 4  7% 110879 9184 26%
c v 181.07  0 13 135 71462  1 2976471 33313 1.6 16 10 3 4  7% 110879 9184 26%
c F 182.08  0 13 135 72608  1 3003159 53108 1.6 17 10 3 4  7% 110879 9184 26%
c - 182.86  0 13 136 73297  1 3021536 33946 1.6 17 10 3 4  7% 110879 9184 26%
c u 182.92  0 13 136 73297  1 3021536 33754 1.6 17 10 3 4  7% 110879 9184 26%
c v 182.93  0 13 136 73297  1 3021536 33700 1.6 17 10 3 4  7% 110879 9184 26%
c - 184.83  0 13 137 75663  2 3066940 33895 1.6 17 10 3 4  7% 110879 9184 26%
c 
c  seconds    reductions     conflicts         size   tier2       variables
c          MB       restarts        redundant     glue   trail         remaining
c           level         rate           size/glue  tier1  irredundant
c 
c u 184.89  0 13 137 75663  2 3066940 33632 1.6 17 10 3 4  7% 110879 9184 26%
c v 184.91  0 13 137 75663  2 3066940 33580 1.6 17 10 3 4  7% 110879 9184 26%
c B 185.47  0 13 137 76235  2 3081161 43706 1.6 16 10 3 4  7% 110879 9184 26%
c - 186.82  0 13 138 77446  2 3112684 34173 1.6 17 10 3 4  7% 110879 9184 26%
c u 186.88  0 13 138 77446  2 3112684 34112 1.6 17 10 3 4  7% 110879 9184 26%
c v 186.89  0 13 138 77446  2 3112684 33986 1.6 17 10 3 4  7% 110879 9184 26%
c w 186.89  0 13 138 77446  2 3112684 33985 1.6 17 10 3 4  7% 110879 9184 26%
c - 188.85  0 13 139 79097  1 3158770 34799 1.6 17 10 3 4  7% 110879 9184 26%
c u 188.90  0 13 139 79097  1 3158770 34681 1.6 17 10 3 4  7% 110879 9184 26%
c v 188.92  0 13 139 79097  1 3158770 34553 1.6 17 10 3 4  7% 110879 9184 26%
c w 188.92  0 13 139 79097  1 3158770 34553 1.6 17 10 3 4  7% 110879 9184 26%
c W 190.06  0 13 139 79172  1 3160162 35527 1.6 17 10 3 4  7% 110879 9184 26%
c - 192.07  0 13 140 81584  2 3205194 35376 1.6 17 10 3 4  7% 110879 9184 26%
c u 192.15  0 13 140 81584  2 3205194 35167 1.6 17 10 3 4  7% 110879 9184 26%
c v 192.16  0 13 140 81584  2 3205194 35020 1.6 17 10 3 4  7% 110879 9184 26%
c # 193.68  0 13 140 83057  2 3240163 60744 1.6 17 10 3 4  7% 110879 9184 26%
c - 194.27  0 13 141 83427  2 3251958 35707 1.6 17 10 3 4  7% 110879 9184 26%
c u 194.33  0 13 141 83427  2 3251958 35526 1.6 17 10 3 4  7% 110879 9184 26%
c v 194.34  0 13 141 83427  2 3251958 35378 1.6 17 10 3 4  7% 110879 9184 26%
c w 194.34  0 13 141 83427  2 3251958 35378 1.6 17 10 3 4  7% 110879 9184 26%
c 
c  seconds    reductions     conflicts         size   tier2       variables
c          MB       restarts        redundant     glue   trail         remaining
c           level         rate           size/glue  tier1  irredundant
c 
c } 196.04  0 13 141 84782  1 3290982 63111 1.6 17 10 3 4  7% 110879 9184 26%
c [ 196.04  0 24 141 84782  1 3290982 63111 2.0 32 16 4 9  7% 110879 9184 26%
c - 196.50  0 24 142 84787  1 3299063 36451 2.0 31 16 4 9  7% 110879 9184 26%
c u 196.56  0 24 142 84787  1 3299063 36286 2.0 31 16 4 9  7% 110879 9184 26%
c v 196.58  0 24 142 84787  1 3299063 36157 2.0 31 16 4 9  7% 110879 9184 26%
c w 196.58  0 24 142 84787  1 3299063 36157 2.0 31 16 4 9  7% 110879 9184 26%
c t 196.59  0 24 142 84787  1 3299063 36156 2.0 31 16 4 9  7% 110879 9184 26%
c W 198.52  0 24 142 84789  1 3321165 55530 2.0 31 16 4 9  7% 110879 9184 26%
c - 201.03  0 23 143 84802  1 3346507 38710 2.0 31 15 4 9  7% 110879 9184 26%
c u 201.51  0 23 143 84802  1 3346507 38458 2.0 31 15 4 9  7% 110879 9184 26%
c v 201.55  0 23 143 84802  1 3346507 38273 2.0 31 15 4 9  7% 110879 9184 26%
c w 201.55  0 23 143 84802  1 3346507 38272 2.0 31 15 4 9  7% 110879 9184 26%
c - 205.52  0 20 144 84820  1 3394293 38386 2.1 30 14 4 9  7% 110879 9184 26%
c u 205.62  0 20 144 84820  1 3394293 38059 2.1 30 14 4 9  7% 110879 9184 26%
c v 205.65  0 20 144 84820  1 3394293 37824 2.1 30 14 4 9  7% 110879 9184 26%
c w 205.65  0 20 144 84820  1 3394293 37824 2.1 30 14 4 9  7% 110879 9184 26%
c I 206.27  0 20 144 84820  1 3403167 45516 2.1 30 14 4 9  7% 110879 9184 26%
c - 209.82  0 38 145 84821  1 3442418 39819 1.9 39 20 4 8  7% 110879 9184 26%
c u 209.90  0 38 145 84821  1 3442418 39661 1.9 39 20 4 8  7% 110879 9184 26%
c v 209.92  0 38 145 84821  1 3442418 39575 1.9 39 20 4 8  7% 110879 9184 26%
c 
c  seconds    reductions     conflicts         size   tier2       variables
c          MB       restarts        redundant     glue   trail         remaining
c           level         rate           size/glue  tier1  irredundant
c 
c w 209.93  0 38 145 84821  1 3442418 39530 1.9 39 20 4 8  7% 110879 9184 26%
c x 209.95  0 38 145 84821  1 3442418 39529 1.9 39 20 4 8  7% 110879 9184 26%
c s 210.03  0 38 145 84821  1 3442418 38864 1.9 39 20 4 8  7% 110879 9184 26%
c s 210.11  0 38 145 84821  1 3442418 38540 1.9 39 20 4 8  7% 110879 9184 26%
c ] 211.83  0 36 145 84835  1 3464814 58928 1.9 38 20 4 8  7% 110879 9184 26%
c { 211.83  0 13 145 84835  1 3464814 58928 1.6 17 10 3 4  7% 110879 9184 26%
c B 212.72  0 13 145 85651  1 3486172 74104 1.6 17 10 3 4  7% 110879 9184 26%
c - 212.95  0 13 146 85803  1 3490883 38641 1.6 17 10 3 4  7% 110879 9184 26%
c u 213.02  0 13 146 85803  1 3490883 38355 1.6 17 10 3 4  7% 110879 9184 26%
c v 213.04  0 13 146 85803  1 3490883 38179 1.6 17 10 3 4  7% 110879 9184 26%
c - 215.24  0 13 147 88469  2 3539689 38066 1.6 17 10 3 4  7% 110879 9184 26%
c u 215.30  0 13 147 88469  2 3539689 37868 1.6 17 10 3 4  7% 110879 9184 26%
c v 215.31  0 13 147 88469  2 3539689 37753 1.6 17 10 3 4  7% 110879 9184 26%
c w 215.31  0 13 147 88469  2 3539689 37753 1.6 17 10 3 4  7% 110879 9184 26%
c W 217.46  0 13 147 89551  2 3570173 59426 1.6 17 10 3 4  7% 110879 9184 26%
c - 218.35  0 13 148 90187  1 3588835 37690 1.6 17 10 3 4  7% 110879 9184 26%
c u 218.41  0 13 148 90187  1 3588835 37532 1.6 17 10 3 4  7% 110879 9184 26%
c v 218.42  0 13 148 90187  1 3588835 37433 1.6 17 10 3 4  7% 110879 9184 26%
c w 218.42  0 13 148 90187  1 3588835 37433 1.6 17 10 3 4  7% 110879 9184 26%
c - 220.63  0 13 149 92259  2 3638321 38630 1.6 17 10 3 4  7% 110879 9184 26%
c 
c  seconds    reductions     conflicts         size   tier2       variables
c          MB       restarts        redundant     glue   trail         remaining
c           level         rate           size/glue  tier1  irredundant
c 
c u 220.70  0 13 149 92259  2 3638321 38420 1.6 17 10 3 4  7% 110879 9184 26%
c v 220.72  0 13 149 92259  2 3638321 38314 1.6 17 10 3 4  7% 110879 9184 26%
c w 220.72  0 13 149 92259  2 3638321 38314 1.6 17 10 3 4  7% 110879 9184 26%
c F 221.52  0 13 149 92828  1 3655177 49973 1.6 17 10 3 4  7% 110879 9184 26%
c - 223.28  0 13 150 94310  1 3688144 39540 1.6 17 10 3 4  7% 110879 9184 26%
c u 223.34  0 13 150 94310  1 3688144 39286 1.6 17 10 3 4  7% 110879 9184 26%
c v 223.36  0 13 150 94310  1 3688144 39191 1.6 17 10 3 4  7% 110879 9184 26%
c w 223.36  0 13 150 94310  1 3688144 39191 1.6 17 10 3 4  7% 110879 9184 26%
c - 225.81  0 13 151 96484  2 3738313 39934 1.6 17 10 3 4  7% 110879 9184 26%
c u 225.87  0 13 151 96484  2 3738313 39719 1.6 17 10 3 4  7% 110879 9184 26%
c v 225.89  0 13 151 96484  2 3738313 39586 1.6 17 10 3 4  7% 110879 9184 26%
c t 225.90  0 13 151 96484  2 3738313 39584 1.6 17 10 3 4  7% 110879 9184 26%
c B 226.02  0 13 151 96666  2 3741178 41720 1.6 17 10 3 4  7% 110879 9184 26%
c - 228.23  0 13 152 98346  1 3788816 40582 1.6 17 10 3 4  7% 110879 9184 26%
c u 228.29  0 13 152 98346  1 3788816 40403 1.6 17 10 3 4  7% 110879 9184 26%
c v 228.30  0 13 152 98346  1 3788816 40256 1.6 17 10 3 4  7% 110879 9184 26%
c w 228.30  0 13 152 98346  1 3788816 40255 1.6 17 10 3 4  7% 110879 9184 26%
c } 229.52  0 13 152 99465  1 3816428 60709 1.6 17 10 3 4  7% 110879 9184 26%
c [ 229.52  0 36 152 99465  1 3816428 60709 1.9 38 20 4 8  7% 110879 9184 26%
c B 230.39  0 37 152 99467  1 3828180 71428 1.9 38 20 4 8  7% 110879 9184 26%
c 
c  seconds    reductions     conflicts         size   tier2       variables
c          MB       restarts        redundant     glue   trail         remaining
c           level         rate           size/glue  tier1  irredundant
c 
c - 231.28  0 36 153 99473  1 3839661 41988 2.0 39 20 4 8  7% 110879 9184 26%
c u 231.38  0 36 153 99473  1 3839661 41708 2.0 39 20 4 8  7% 110879 9184 26%
c v 231.40  0 36 153 99473  1 3839661 41607 2.0 39 20 4 8  7% 110879 9184 26%
c w 231.40  0 36 153 99473  1 3839661 41607 2.0 39 20 4 8  7% 110879 9184 26%
c - 236.00  0 30 154 99491  1 3890847 42906 2.0 35 17 4 9  7% 110879 9184 26%
c u 236.10  0 30 154 99491  1 3890847 42587 2.0 35 17 4 9  7% 110879 9184 26%
c v 236.13  0 30 154 99491  1 3890847 42358 2.0 35 17 4 9  7% 110879 9184 26%
c w 236.13  0 30 154 99491  1 3890847 42356 2.0 35 17 4 9  7% 110879 9184 26%
c W 238.94  0 27 154 99502  1 3916181 63672 2.1 34 16 4 9  7% 110879 9184 26%
c - 241.39  0 25 155 99512  1 3942371 41808 2.1 32 16 3 6  7% 110879 9184 26%
c u 241.50  0 25 155 99512  1 3942371 41478 2.1 32 16 3 6  7% 110879 9184 26%
c v 241.53  0 25 155 99512  1 3942371 41308 2.1 32 16 3 6  7% 110879 9184 26%
c - 246.23  0 25 156 99515  1 3994236 42282 2.1 33 16 3 6  7% 110879 9184 26%
c u 246.36  0 25 156 99515  1 3994236 41988 2.1 33 16 3 6  7% 110879 9184 26%
c v 246.39  0 25 156 99515  1 3994236 41792 2.1 33 16 3 6  7% 110879 9184 26%
c w 246.39  0 25 156 99515  1 3994236 41792 2.1 33 16 3 6  7% 110879 9184 26%
c ] 246.92  0 25 156 99515  1 4001849 48725 2.1 33 16 3 6  7% 110879 9184 26%
c { 246.92  0 13 156 99515  1 4001849 48725 1.6 17 10 3 4  7% 110879 9184 26%
c W 247.52  0 13 156 99699  1 4005183 51199 1.6 17 10 3 4  7% 110879 9184 26%
c - 249.81  0 13 157 101196  1 4046441 41461 1.6 17 10 3 4  7% 110879 9184 26%
c 
c  seconds    reductions      conflicts         size   tier2       variables
c          MB       restarts         redundant     glue   trail         remaining
c           level          rate           size/glue  tier1  irredundant
c 
c u 249.89  0 13 157 101196  1 4046441 41222 1.6 17 10 3 4  7% 110879 9184 26%
c v 249.90  0 13 157 101196  1 4046441 41072 1.6 17 10 3 4  7% 110879 9184 26%
c # 252.54  0 13 157 103039  1 4095185 75247 1.6 17 10 3 4  7% 110879 9184 26%
c - 252.77  0 13 158 103176  1 4098986 41749 1.6 17 10 3 4  7% 110879 9184 26%
c u 252.83  0 13 158 103176  1 4098986 41648 1.6 17 10 3 4  7% 110879 9184 26%
c v 252.85  0 13 158 103176  1 4098986 41570 1.6 17 10 3 4  7% 110879 9184 26%
c x 252.86  0 13 158 103176  1 4098986 41569 1.6 17 10 3 4  7% 110879 9184 26%
c s 252.96  0 13 158 103176  1 4098986 41215 1.6 17 10 3 4  7% 110879 9184 26%
c s 253.04  0 13 158 103176  1 4098986 41102 1.6 17 10 3 4  7% 110879 9184 26%
c - 255.89  0 13 159 105365  1 4151871 41876 1.6 17 10 3 4  7% 110879 9184 26%
c u 255.96  0 13 159 105365  1 4151871 41669 1.6 17 10 3 4  7% 110879 9184 26%
c v 255.98  0 13 159 105365  1 4151871 41526 1.6 17 10 3 4  7% 110879 9184 26%
c w 255.98  0 13 159 105365  1 4151871 41526 1.6 17 10 3 4  7% 110879 9184 26%
c B 257.83  0 13 159 106875  1 4186186 66315 1.6 17 10 3 4  7% 110879 9184 26%
c - 258.98  0 13 160 107904  2 4205095 42631 1.6 17 10 3 4  7% 110879 9184 26%
c u 259.39  0 13 160 107904  2 4205095 42334 1.6 17 10 3 4  7% 110879 9184 26%
c v 259.41  0 13 160 107904  2 4205095 42198 1.6 17 10 3 4  7% 110879 9184 26%
c t 259.42  0 13 160 107904  2 4205095 42189 1.6 17 10 3 4  7% 110879 9184 26%
c - 262.41  0 13 161 110125  1 4258659 42910 1.6 17 10 3 4  7% 110879 9184 26%
c u 262.47  0 13 161 110125  1 4258659 42705 1.6 17 10 3 4  7% 110879 9184 26%
c 
c  seconds    reductions      conflicts         size   tier2       variables
c          MB       restarts         redundant     glue   trail         remaining
c           level          rate           size/glue  tier1  irredundant
c 
c v 262.49  0 13 161 110125  1 4258659 42573 1.6 17 10 3 4  7% 110879 9184 26%
c W 264.27  0 13 161 110960  1 4278187 56646 1.6 17 10 3 4  7% 110879 9184 26%
c - 265.81  0 13 162 112398  1 4312563 44215 1.6 17 10 3 4  7% 110879 9184 26%
c u 265.88  0 13 162 112398  1 4312563 44049 1.6 17 10 3 4  7% 110879 9184 26%
c v 265.90  0 13 162 112398  1 4312563 43934 1.6 17 10 3 4  7% 110879 9184 26%
c w 265.90  0 13 162 112398  1 4312563 43934 1.6 17 10 3 4  7% 110879 9184 26%
c } 266.97  0 13 162 113232  1 4336863 61765 1.6 17 10 3 4  7% 110879 9184 26%
c [ 266.97  0 25 162 113232  1 4336863 61765 2.1 33 16 3 6  7% 110879 9184 26%
c - 269.35  0 25 163 113232  1 4366811 46335 2.1 33 16 3 6  8% 110879 9184 26%
c u 269.44  0 25 163 113232  1 4366811 45987 2.1 33 16 3 6  8% 110879 9184 26%
c v 269.47  0 25 163 113232  1 4366811 45850 2.1 33 16 3 6  8% 110879 9184 26%
c w 269.47  0 25 163 113232  1 4366811 45848 2.1 33 16 3 6  8% 110879 9184 26%
c O 269.63  0 29 163 113232  1 4371190 50065 2.0 34 17 3 6  8% 110879 9184 26%
c - 272.60  0 25 164 113247  1 4421397 45404 1.9 30 15 3 6  8% 110879 9184 26%
c u 272.69  0 25 164 113247  1 4421397 45247 1.9 30 15 3 6  8% 110879 9184 26%
c v 272.71  0 25 164 113247  1 4421397 45115 1.9 30 15 3 6  8% 110879 9184 26%
c w 272.71  0 25 164 113247  1 4421397 45114 1.9 30 15 3 6  8% 110879 9184 26%
c B 275.34  0 24 164 113263  1 4465191 83022 1.9 30 16 4 9  7% 110879 9184 26%
c - 275.96  0 26 165 113263  1 4476321 45232 1.9 31 16 4 9  7% 110879 9184 26%
c u 276.04  0 26 165 113263  1 4476321 44984 1.9 31 16 4 9  7% 110879 9184 26%
c 
c  seconds    reductions      conflicts         size   tier2       variables
c          MB       restarts         redundant     glue   trail         remaining
c           level          rate           size/glue  tier1  irredundant
c 
c v 276.07  0 26 165 113263  1 4476321 44840 1.9 31 16 4 9  7% 110879 9184 26%
c w 276.07  0 26 165 113263  1 4476321 44840 1.9 31 16 4 9  7% 110879 9184 26%
c - 280.11  0 25 166 113291  1 4531586 45357 1.9 31 16 4 9  7% 110879 9184 26%
c u 280.20  0 25 166 113291  1 4531586 45129 1.9 31 16 4 9  7% 110879 9184 26%
c v 280.23  0 25 166 113291  1 4531586 44947 1.9 31 16 4 9  7% 110879 9184 26%
c w 280.23  0 25 166 113291  1 4531586 44946 1.9 31 16 4 9  7% 110879 9184 26%
c W 282.72  0 24 166 113294  1 4560193 69420 1.9 30 16 4 9  7% 110879 9184 26%
c - 284.84  0 23 167 113295  1 4587190 45123 1.9 29 15 4 9  7% 110879 9184 26%
c u 284.95  0 23 167 113295  1 4587190 44890 1.9 29 15 4 9  7% 110879 9184 26%
c v 284.98  0 23 167 113295  1 4587190 44739 1.9 29 15 4 9  7% 110879 9184 26%
c ] 285.99  0 21 167 113302  1 4606355 59872 1.9 28 15 4 8  7% 110879 9184 26%
c { 285.99  0 13 167 113302  1 4606355 59872 1.6 17 10 3 4  7% 110879 9184 26%
c - 287.75  0 13 168 114534  1 4643135 44672 1.6 17 10 3 4  7% 110879 9184 26%
c u 287.82  0 13 168 114534  1 4643135 44461 1.6 17 10 3 4  7% 110879 9184 26%
c v 287.84  0 13 168 114534  1 4643135 44392 1.6 17 10 3 4  7% 110879 9184 26%
c F 288.42  0 13 168 115111  1 4656194 54121 1.6 17 10 3 4  7% 110879 9184 26%
c - 290.53  0 13 169 117091  1 4699419 45336 1.6 17 10 3 4  7% 110879 9184 26%
c u 290.60  0 13 169 117091  1 4699419 45219 1.6 17 10 3 4  7% 110879 9184 26%
c v 290.62  0 13 169 117091  1 4699419 45096 1.6 17 10 3 4  7% 110879 9184 26%
c w 290.62  0 13 169 117091  1 4699419 45096 1.6 17 10 3 4  7% 110879 9184 26%
c 
c  seconds    reductions      conflicts         size   tier2       variables
c          MB       restarts         redundant     glue   trail         remaining
c           level          rate           size/glue  tier1  irredundant
c 
c t 290.62  0 13 169 117091  1 4699419 45095 1.6 17 10 3 4  7% 110879 9184 26%
c B 293.21  0 13 169 119388  1 4753195 83811 1.6 17 10 3 4  7% 110879 9184 26%
c - 293.39  0 13 170 119580  2 4756044 45602 1.6 17 10 3 4  7% 110879 9184 26%
c u 293.46  0 13 170 119580  2 4756044 45449 1.6 17 10 3 4  7% 110879 9184 26%
c v 293.48  0 13 170 119580  2 4756044 45377 1.6 17 10 3 4  7% 110879 9184 26%
c w 293.48  0 13 170 119580  2 4756044 45376 1.6 17 10 3 4  7% 110879 9184 26%
c t 293.48  0 13 170 119580  2 4756044 45375 1.6 17 10 3 4  7% 110879 9184 26%
c - 296.22  0 13 171 121638  1 4813012 46038 1.6 17 10 3 4  7% 110879 9184 26%
c u 296.31  0 13 171 121638  1 4813012 45854 1.6 17 10 3 4  7% 110879 9184 26%
c v 296.32  0 13 171 121638  1 4813012 45783 1.6 17 10 3 4  7% 110879 9184 26%
c w 296.32  0 13 171 121638  1 4813012 45783 1.6 17 10 3 4  7% 110879 9184 26%
c W 298.88  0 13 171 123450  1 4851197 73424 1.6 17 10 3 4  7% 110879 9184 26%
c - 299.87  0 13 172 124035  1 4870318 46505 1.6 17 10 3 4  7% 110879 9184 26%
c u 299.93  0 13 172 124035  1 4870318 46436 1.6 17 10 3 4  7% 110879 9184 26%
c v 299.94  0 13 172 124035  1 4870318 46391 1.6 17 10 3 4  7% 110879 9184 26%
c w 299.94  0 13 172 124035  1 4870318 46391 1.6 17 10 3 4  7% 110879 9184 26%
c - 302.87  0 13 173 126486  1 4927963 47176 1.6 17 10 3 4  7% 110879 9184 26%
c u 302.95  0 13 173 126486  1 4927963 47007 1.6 17 10 3 4  7% 110879 9184 26%
c v 302.97  0 13 173 126486  1 4927963 46919 1.6 17 10 3 4  7% 110879 9184 26%
c # 304.04  0 13 173 127642  1 4950199 62925 1.6 17 10 3 4  7% 110879 9184 26%
c 
c  seconds    reductions      conflicts         size   tier2       variables
c          MB       restarts         redundant     glue   trail         remaining
c           level          rate           size/glue  tier1  irredundant
c 
c - 305.95  0 13 174 129424  2 4985949 47878 1.6 17 10 3 4  7% 110879 9184 26%
c u 306.02  0 13 174 129424  2 4985949 47708 1.6 17 10 3 4  7% 110879 9184 26%
c v 306.04  0 13 174 129424  2 4985949 47546 1.6 17 10 3 4  7% 110879 9184 26%
c } 307.55  0 13 174 130622  1 5017190 70070 1.6 17 10 3 4  7% 110879 9184 26%
c [ 307.55  0 21 174 130622  1 5017190 70070 1.9 28 15 4 8  7% 110879 9184 26%
c - 309.26  0 24 175 130636  1 5044280 49403 1.8 30 16 4 8  7% 110879 9184 26%
c u 309.36  0 24 175 130636  1 5044280 49205 1.8 30 16 4 8  7% 110879 9184 26%
c v 309.39  0 24 175 130636  1 5044280 49117 1.8 30 16 4 8  7% 110879 9184 26%
c I 309.67  0 24 175 130637  1 5050202 54491 1.9 30 16 4 8  7% 110879 9184 26%
c - 313.51  0 26 176 130656  1 5102947 50914 1.8 32 17 4 9  7% 110879 9184 26%
c u 313.61  0 26 176 130656  1 5102947 50767 1.8 32 17 4 9  7% 110879 9184 26%
c v 313.64  0 26 176 130656  1 5102947 50641 1.8 32 17 4 9  7% 110879 9184 26%
c w 313.64  0 26 176 130656  1 5102947 50641 1.8 32 17 4 9  7% 110879 9184 26%
c B 317.16  0 23 176 130676  1 5151203 90443 1.9 30 16 4 9  7% 110879 9184 26%
c - 317.85  0 26 177 130677  1 5161953 50135 1.9 32 17 4 9  7% 110879 9184 26%
c u 317.95  0 26 177 130677  1 5161953 49908 1.9 32 17 4 9  7% 110879 9184 26%
c v 317.99  0 26 177 130677  1 5161953 49771 1.9 32 17 4 9  7% 110879 9184 26%
c w 317.99  0 26 177 130677  1 5161953 49768 1.9 32 17 4 9  7% 110879 9184 26%
c - 322.77  0 27 178 130679  1 5221299 51195 1.9 34 17 4 9  7% 110879 9184 26%
c u 323.37  0 27 178 130679  1 5221299 51030 1.9 34 17 4 9  7% 110879 9184 26%
c 
c  seconds    reductions      conflicts         size   tier2       variables
c          MB       restarts         redundant     glue   trail         remaining
c           level          rate           size/glue  tier1  irredundant
c 
c v 323.41  0 27 178 130679  1 5221299 50860 1.9 34 17 4 9  7% 110879 9184 26%
c w 323.41  0 27 178 130679  1 5221299 50860 1.9 34 17 4 9  7% 110879 9184 26%
c W 326.78  0 26 178 130679  1 5253205 79801 1.9 34 17 4 9  7% 110879 9184 26%
c ] 329.34  0 25 178 130680  1 5280170 103676 2.0 34 17 4 9  7% 110879 9184 26%
c { 329.34  0 13 178 130680  1 5280170 103676 1.6 17 10 3 4  7% 110879 9184 26%
c - 329.43  0 13 179 130755  2 5280987 51230 1.6 17 10 3 4  7% 110879 9184 26%
c u 329.55  0 13 179 130755  2 5280987 51046 1.6 17 10 3 4  7% 110879 9184 26%
c v 329.59  0 13 179 130755  2 5280987 50927 1.6 17 10 3 4  7% 110879 9184 26%
c - 332.69  0 13 180 133820  2 5341017 50439 1.6 17 10 3 4  7% 110879 9184 26%
c u 332.77  0 13 180 133820  2 5341017 50365 1.6 17 10 3 4  7% 110879 9184 26%
c v 332.79  0 13 180 133820  2 5341017 50301 1.6 17 10 3 4  7% 110879 9184 26%
c B 333.50  0 13 180 134414  2 5356209 61056 1.6 17 10 3 4  7% 110879 9184 26%
c - 335.86  0 13 181 135796  1 5401384 50322 1.6 17 10 3 4  7% 110879 9184 26%
c u 335.95  0 13 181 135796  1 5401384 50180 1.6 17 10 3 4  7% 110879 9184 26%
c v 335.98  0 13 181 135796  1 5401384 50109 1.6 17 10 3 4  7% 110879 9184 26%
c w 335.98  0 13 181 135796  1 5401384 50109 1.6 17 10 3 4  7% 110879 9184 26%
c W 339.67  0 13 181 138343  1 5460212 92456 1.6 17 10 3 4  7% 110879 9184 26%
c - 339.81  0 13 182 138402  1 5462091 50792 1.6 17 10 3 4  7% 110879 9184 26%
c u 339.89  0 13 182 138402  1 5462091 50658 1.6 17 10 3 4  7% 110879 9184 26%
c v 339.92  0 13 182 138402  1 5462091 50582 1.6 17 10 3 4  7% 110879 9184 26%
c 
c  seconds    reductions      conflicts         size   tier2       variables
c          MB       restarts         redundant     glue   trail         remaining
c           level          rate           size/glue  tier1  irredundant
c 
c w 339.92  0 13 182 138402  1 5462091 50582 1.6 17 10 3 4  7% 110879 9184 26%
c - 343.14  0 13 183 141106  2 5523139 51251 1.6 17 10 3 4  7% 110879 9184 26%
c u 343.22  0 13 183 141106  2 5523139 51210 1.6 17 10 3 4  7% 110879 9184 26%
c v 343.25  0 13 183 141106  2 5523139 51125 1.6 17 10 3 4  7% 110879 9184 26%
c w 343.25  0 13 183 141106  2 5523139 51125 1.6 17 10 3 4  7% 110879 9184 26%
c F 345.42  0 13 183 142400  1 5565213 80598 1.6 17 10 3 4  7% 110879 9184 26%
c - 346.60  0 13 184 143489  1 5584531 51685 1.6 17 10 3 4  7% 110879 9184 26%
c u 346.68  0 13 184 143489  1 5584531 51489 1.6 17 10 3 4  7% 110879 9184 26%
c v 346.70  0 13 184 143489  1 5584531 51413 1.6 17 10 3 4  7% 110879 9184 26%
c w 346.70  0 13 184 143489  1 5584531 51413 1.6 17 10 3 4  7% 110879 9184 26%
c - 350.06  0 13 185 145924  1 5646262 52322 1.6 17 10 3 4  7% 110879 9184 26%
c u 350.15  0 13 185 145924  1 5646262 52230 1.6 17 10 3 4  7% 110879 9184 26%
c v 350.18  0 13 185 145924  1 5646262 52115 1.6 17 10 3 4  7% 110879 9184 26%
c B 351.50  0 13 185 147239  2 5671216 70606 1.6 17 10 3 4  7% 110879 9184 26%
c } 352.62  0 13 185 148002  1 5691771 85243 1.6 17 10 3 4  7% 110879 9184 26%
c [ 352.62  0 25 185 148002  1 5691771 85243 2.0 34 17 4 9  7% 110879 9184 26%
c - 353.55  0 32 186 148002  1 5708334 54240 1.9 36 19 4 9  7% 110879 9184 26%
c u 353.63  0 32 186 148002  1 5708334 54202 1.9 36 19 4 9  7% 110879 9184 26%
c v 353.65  0 32 186 148002  1 5708334 54097 1.9 36 19 4 9  7% 110879 9184 26%
c w 353.65  0 32 186 148002  1 5708334 54096 1.9 36 19 4 9  7% 110879 9184 26%
c 
c  seconds    reductions      conflicts         size   tier2       variables
c          MB       restarts         redundant     glue   trail         remaining
c           level          rate           size/glue  tier1  irredundant
c 
c t 353.66  0 32 186 148002  1 5708334 54095 1.9 36 19 4 9  7% 110879 9184 26%
c - 359.22  0 40 187 148002  1 5770743 57063 1.7 40 23 4 9  7% 110879 9184 26%
c u 359.33  0 40 187 148002  1 5770743 56844 1.7 40 23 4 9  7% 110879 9184 26%
c v 359.35  0 40 187 148002  1 5770743 56773 1.7 40 23 4 9  7% 110879 9184 26%
c w 359.37  0 40 187 148002  1 5770743 56719 1.7 40 23 4 9  7% 110879 9184 26%
c x 359.39  0 40 187 148002  1 5770743 56717 1.7 40 23 4 9  7% 110879 9184 26%
c s 359.51  0 40 187 148002  1 5770743 56157 1.7 40 23 4 9  7% 110879 9184 26%
c s 359.64  0 40 187 148002  1 5770743 55842 1.7 40 23 4 9  7% 110879 9184 26%
c O 360.10  0 40 187 148002  1 5778218 62918 1.8 40 23 4 9  7% 110879 9184 26%
c - 364.23  0 32 188 148003  1 5833492 54702 1.8 34 19 4 9  7% 110879 9184 26%
c u 364.36  0 32 188 148003  1 5833492 54451 1.8 34 19 4 9  7% 110879 9184 26%
c v 364.40  0 32 188 148003  1 5833492 54324 1.8 34 19 4 9  7% 110879 9184 26%
c w 364.40  0 32 188 148003  1 5833492 54324 1.8 34 19 4 9  7% 110879 9184 26%
c B 369.31  0 39 188 148003  1 5886219 105102 2.1 38 19 4 9 11% 110879 9184 26%
c - 370.59  0 38 189 148003  1 5896582 56592 2.0 37 18 4 9 11% 110879 9184 26%
c u 370.73  0 38 189 148003  1 5896582 56311 2.0 37 18 4 9 11% 110879 9184 26%
c v 370.78  0 38 189 148003  1 5896582 56177 2.0 37 18 4 9 11% 110879 9184 26%
c w 370.79  0 38 189 148003  1 5896582 56074 2.0 37 18 4 9 11% 110879 9184 26%
c ] 374.45  0 30 189 148003  1 5942627 94328 2.0 33 17 4 9  9% 110879 9184 26%
c ? 374.45  0 30 189 148003  1 5942627 94328 2.0 33 17 4 9  9% 110879 9184 26%
c 
c --- [ closing proof ] ------------------------------------------------------
c 
c DRAT proof file 'star_centre0.drat' closed
c DRAT 6082034 added clauses 50.49%
c DRAT 5964187 deleted clauses 49.51%
c DRAT 544275790 bytes (519.06 MB)
c 
c --- [ result ] -------------------------------------------------------------
c 
c UNKNOWN
c 
c --- [ run-time profiling ] -------------------------------------------------
c 
c process time taken by individual solving procedures
c (percentage relative to process time for solving)
c 
c       355.23   94.87% search
c       171.07   45.69% unstable
c       169.03   45.14% stable
c        19.19    5.13% simplify
c        15.13    4.04% walk
c         8.17    2.18% vivify
c         2.54    0.68% sweep
c         2.00    0.53% subsume
c         1.33    0.35% backbone
c         1.04    0.28% probe
c         0.65    0.17% ternary
c         0.45    0.12% elim
c         0.23    0.06% congruence
c         0.03    0.01% parse
c         0.01    0.00% lucky
c   =================================
c       374.43   99.99% solve
c 
c last line shows process time for solving
c (percentage relative to total process time)
c 
c --- [ statistics ] ---------------------------------------------------------
c 
c chronological:            800382        13.47 %  of conflicts
c conflicts:               5942627     15871.30    per second
c backbone:               16874445     47528.29 %  of vars
c decisions:               7814445     20870.47    per second
c eliminated:                26320        74.13 %  of all variables
c learned:                 5836573        98.22 %  per conflict
c learned_lits:          309442046       100.00 %  learned literals
c minimized:                     0         0.00 %  learned literals
c shrunken:              152068967        49.14 %  learned literals
c minishrunken:           23884474         7.72 %  learned literals
c otfs:                       4714         0.08 %  of conflict
c propagations:          940879463         2.51 M  per second
c reduced:                 4459687        75.05 %  per conflict
c rephased:                    108     55024.32    interval
c restarts:                 148003        40.15    interval
c stabilizing:                  22        37.86 %  of conflicts
c subsumed:                1230598        20.25 %  of all clauses
c strengthened:             102302         1.68 %  of all clauses
c ticks:               12554560697        15.25    propagation
c vivified:                  12274         0.20 %  of all clauses
c walked:                       34    174783.15    interval
c weakened:                 118720         2.00    average size
c 
c seconds are measured in process time for solving
c 
c --- [ glue usage ] ---------------------------------------------------------
c 
c focused glue 3 used 4320358 clauses 21.64% accumulated 67.34% tier1
c focused glue 4 used 1238499 clauses 6.205% accumulated 73.54% tier2
c 
c stable glue 4 used 1787279 clauses 11.52% accumulated 57.40% tier1
c stable glue 5 used 1109091 clauses 7.149% accumulated 64.55%
c stable glue 6-7 used 1496399 clauses 9.646% accumulated 74.19%
c stable glue 8 used 558781 clauses 3.602% accumulated 77.80%
c stable glue 9 used 469541 clauses 3.026% accumulated 80.82% tier2
c 
c 
c --- [ resources ] ----------------------------------------------------------
c 
c total process time since initialization:       374.45    seconds
c total real time since initialization:         3267.38    seconds
c maximum resident set size of process:          155.25    MB
c 
c --- [ shutting down ] ------------------------------------------------------
c 
c exit 0
c raising signal 15 (SIGTERM)
